Archive member included to satisfy reference by file (symbol)

D:/KS/STM32Cubeide/STM32CubeIDE_1.18.0/STM32CubeIDE/plugins/com.st.stm32cube.ide.mcu.externaltools.gnu-tools-for-stm32.13.3.rel1.win32_1.0.0.202411081344/tools/bin/../lib/gcc/arm-none-eabi/13.3.1/../../../../arm-none-eabi/lib/thumb/v7e-m+fp/hard\libc_nano.a(libc_a-assert.o)
                              ./IOT_SDK/BSP/esp32_at.o (__assert_func)
D:/KS/STM32Cubeide/STM32CubeIDE_1.18.0/STM32CubeIDE/plugins/com.st.stm32cube.ide.mcu.externaltools.gnu-tools-for-stm32.13.3.rel1.win32_1.0.0.202411081344/tools/bin/../lib/gcc/arm-none-eabi/13.3.1/../../../../arm-none-eabi/lib/thumb/v7e-m+fp/hard\libc_nano.a(libc_a-atoi.o)
                              ./IOT_SDK/BSP/esp32_at.o (atoi)
D:/KS/STM32Cubeide/STM32CubeIDE_1.18.0/STM32CubeIDE/plugins/com.st.stm32cube.ide.mcu.externaltools.gnu-tools-for-stm32.13.3.rel1.win32_1.0.0.202411081344/tools/bin/../lib/gcc/arm-none-eabi/13.3.1/../../../../arm-none-eabi/lib/thumb/v7e-m+fp/hard\libc_nano.a(libc_a-exit.o)
                              D:/KS/STM32Cubeide/STM32CubeIDE_1.18.0/STM32CubeIDE/plugins/com.st.stm32cube.ide.mcu.externaltools.gnu-tools-for-stm32.13.3.rel1.win32_1.0.0.202411081344/tools/bin/../lib/gcc/arm-none-eabi/13.3.1/../../../../arm-none-eabi/lib/thumb/v7e-m+fp/hard/crt0.o (exit)
D:/KS/STM32Cubeide/STM32CubeIDE_1.18.0/STM32CubeIDE/plugins/com.st.stm32cube.ide.mcu.externaltools.gnu-tools-for-stm32.13.3.rel1.win32_1.0.0.202411081344/tools/bin/../lib/gcc/arm-none-eabi/13.3.1/../../../../arm-none-eabi/lib/thumb/v7e-m+fp/hard\libc_nano.a(libc_a-malloc.o)
                              ./IOT_SDK/Thirdparty/aws-iot-device-sdk-libraries/3rdparty/tinycbor/src/cborparser_dup_string.o (malloc)
D:/KS/STM32Cubeide/STM32CubeIDE_1.18.0/STM32CubeIDE/plugins/com.st.stm32cube.ide.mcu.externaltools.gnu-tools-for-stm32.13.3.rel1.win32_1.0.0.202411081344/tools/bin/../lib/gcc/arm-none-eabi/13.3.1/../../../../arm-none-eabi/lib/thumb/v7e-m+fp/hard\libc_nano.a(libc_a-mallocr.o)
                              D:/KS/STM32Cubeide/STM32CubeIDE_1.18.0/STM32CubeIDE/plugins/com.st.stm32cube.ide.mcu.externaltools.gnu-tools-for-stm32.13.3.rel1.win32_1.0.0.202411081344/tools/bin/../lib/gcc/arm-none-eabi/13.3.1/../../../../arm-none-eabi/lib/thumb/v7e-m+fp/hard\libc_nano.a(libc_a-malloc.o) (_malloc_r)
D:/KS/STM32Cubeide/STM32CubeIDE_1.18.0/STM32CubeIDE/plugins/com.st.stm32cube.ide.mcu.externaltools.gnu-tools-for-stm32.13.3.rel1.win32_1.0.0.202411081344/tools/bin/../lib/gcc/arm-none-eabi/13.3.1/../../../../arm-none-eabi/lib/thumb/v7e-m+fp/hard\libc_nano.a(libc_a-mlock.o)
                              D:/KS/STM32Cubeide/STM32CubeIDE_1.18.0/STM32CubeIDE/plugins/com.st.stm32cube.ide.mcu.externaltools.gnu-tools-for-stm32.13.3.rel1.win32_1.0.0.202411081344/tools/bin/../lib/gcc/arm-none-eabi/13.3.1/../../../../arm-none-eabi/lib/thumb/v7e-m+fp/hard\libc_nano.a(libc_a-mallocr.o) (__malloc_lock)
D:/KS/STM32Cubeide/STM32CubeIDE_1.18.0/STM32CubeIDE/plugins/com.st.stm32cube.ide.mcu.externaltools.gnu-tools-for-stm32.13.3.rel1.win32_1.0.0.202411081344/tools/bin/../lib/gcc/arm-none-eabi/13.3.1/../../../../arm-none-eabi/lib/thumb/v7e-m+fp/hard\libc_nano.a(libc_a-strtol.o)
                              D:/KS/STM32Cubeide/STM32CubeIDE_1.18.0/STM32CubeIDE/plugins/com.st.stm32cube.ide.mcu.externaltools.gnu-tools-for-stm32.13.3.rel1.win32_1.0.0.202411081344/tools/bin/../lib/gcc/arm-none-eabi/13.3.1/../../../../arm-none-eabi/lib/thumb/v7e-m+fp/hard\libc_nano.a(libc_a-atoi.o) (_strtol_r)
D:/KS/STM32Cubeide/STM32CubeIDE_1.18.0/STM32CubeIDE/plugins/com.st.stm32cube.ide.mcu.externaltools.gnu-tools-for-stm32.13.3.rel1.win32_1.0.0.202411081344/tools/bin/../lib/gcc/arm-none-eabi/13.3.1/../../../../arm-none-eabi/lib/thumb/v7e-m+fp/hard\libc_nano.a(libc_a-ctype_.o)
                              D:/KS/STM32Cubeide/STM32CubeIDE_1.18.0/STM32CubeIDE/plugins/com.st.stm32cube.ide.mcu.externaltools.gnu-tools-for-stm32.13.3.rel1.win32_1.0.0.202411081344/tools/bin/../lib/gcc/arm-none-eabi/13.3.1/../../../../arm-none-eabi/lib/thumb/v7e-m+fp/hard\libc_nano.a(libc_a-strtol.o) (_ctype_)
D:/KS/STM32Cubeide/STM32CubeIDE_1.18.0/STM32CubeIDE/plugins/com.st.stm32cube.ide.mcu.externaltools.gnu-tools-for-stm32.13.3.rel1.win32_1.0.0.202411081344/tools/bin/../lib/gcc/arm-none-eabi/13.3.1/../../../../arm-none-eabi/lib/thumb/v7e-m+fp/hard\libc_nano.a(libc_a-nano-vfprintf_float.o)
                              (_printf_float)
D:/KS/STM32Cubeide/STM32CubeIDE_1.18.0/STM32CubeIDE/plugins/com.st.stm32cube.ide.mcu.externaltools.gnu-tools-for-stm32.13.3.rel1.win32_1.0.0.202411081344/tools/bin/../lib/gcc/arm-none-eabi/13.3.1/../../../../arm-none-eabi/lib/thumb/v7e-m+fp/hard\libc_nano.a(libc_a-nano-vfprintf.o)
                              ./IOT_SDK/Thirdparty/aws-iot-device-sdk-libraries/3rdparty/tinycbor/src/cborpretty_stdio.o (vfprintf)
[...]
Memory Configuration

Name             Origin             Length             Attributes
CCMRAM           0x10000000         0x00010000         xrw
RAM              0x20000000         0x00020000         xrw
FLASH            0x08000000         0x00100000         xr
*default*        0x00000000         0xffffffff

Linker script and memory map

LOAD D:/KS/STM32Cubeide/STM32CubeIDE_1.18.0/STM32CubeIDE/plugins/com.st.stm32cube.ide.mcu.externaltools.gnu-tools-for-stm32.13.3.rel1.win32_1.0.0.202411081344/tools/bin/../lib/gcc/arm-none-eabi/13.3.1/thumb/v7e-m+fp/hard/crti.o
LOAD D:/KS/STM32Cubeide/STM32CubeIDE_1.18.0/STM32CubeIDE/plugins/com.st.stm32cube.ide.mcu.externaltools.gnu-tools-for-stm32.13.3.rel1.win32_1.0.0.202411081344/tools/bin/../lib/gcc/arm-none-eabi/13.3.1/thumb/v7e-m+fp/hard/crtbegin.o
LOAD D:/KS/STM32Cubeide/STM32CubeIDE_1.18.0/STM32CubeIDE/plugins/com.st.stm32cube.ide.mcu.externaltools.gnu-tools-for-stm32.13.3.rel1.win32_1.0.0.202411081344/tools/bin/../lib/gcc/arm-none-eabi/13.3.1/../../../../arm-none-eabi/lib/thumb/v7e-m+fp/hard/crt0.o
LOAD ./Core/Src/dht11.o
LOAD ./Core/Src/main.o
LOAD ./Core/Src/retarget.o
LOAD ./Core/Src/sensor_util.o
LOAD ./Core/Src/stm32f4xx_hal_msp.o
LOAD ./Core/Src/stm32f4xx_hal_timebase_tim.o
LOAD ./Core/Src/stm32f4xx_it.o
LOAD ./Core/Src/syscalls.o
LOAD ./Core/Src/sysmem.o
LOAD ./Core/Src/system_stm32f4xx.o
LOAD ./Core/Startup/startup_stm32f405rgtx.o
LOAD ./Drivers/STM32F4xx_HAL_Driver/Src/stm32f4xx_hal.o
LOAD ./Drivers/STM32F4xx_HAL_Driver/Src/stm32f4xx_hal_cortex.o
LOAD ./Drivers/STM32F4xx_HAL_Driver/Src/stm32f4xx_hal_dma.o
LOAD ./Drivers/STM32F4xx_HAL_Driver/Src/stm32f4xx_hal_dma_ex.o
LOAD ./Drivers/STM32F4xx_HAL_Driver/Src/stm32f4xx_hal_exti.o
LOAD ./Drivers/STM32F4xx_HAL_Driver/Src/stm32f4xx_hal_flash.o
LOAD ./Drivers/STM32F4xx_HAL_Driver/Src/stm32f4xx_hal_flash_ex.o
LOAD ./Drivers/STM32F4xx_HAL_Driver/Src/stm32f4xx_hal_flash_ramfunc.o
LOAD ./Drivers/STM32F4xx_HAL_Driver/Src/stm32f4xx_hal_gpio.o
LOAD ./Drivers/STM32F4xx_HAL_Driver/Src/stm32f4xx_hal_pwr.o
LOAD ./Drivers/STM32F4xx_HAL_Driver/Src/stm32f4xx_hal_pwr_ex.o
LOAD ./Drivers/STM32F4xx_HAL_Driver/Src/stm32f4xx_hal_rcc.o
LOAD ./Drivers/STM32F4xx_HAL_Driver/Src/stm32f4xx_hal_rcc_ex.o
LOAD ./Drivers/STM32F4xx_HAL_Driver/Src/stm32f4xx_hal_tim.o
LOAD ./Drivers/STM32F4xx_HAL_Driver/Src/stm32f4xx_hal_tim_ex.o
LOAD ./Drivers/STM32F4xx_HAL_Driver/Src/stm32f4xx_hal_uart.o
LOAD ./IOT_SDK/BSP/esp32_at.o
LOAD ./IOT_SDK/BSP/esp32_at_io.o
LOAD ./IOT_SDK/BSP/utils/ota_flash.o
LOAD ./IOT_SDK/Thirdparty/FreeRTOS-Kernel/croutine.o
LOAD ./IOT_SDK/Thirdparty/FreeRTOS-Kernel/event_groups.o
LOAD ./IOT_SDK/Thirdparty/FreeRTOS-Kernel/freertos_hooks.o
LOAD ./IOT_SDK/Thirdparty/FreeRTOS-Kernel/list.o
LOAD ./IOT_SDK/Thirdparty/FreeRTOS-Kernel/queue.o
LOAD ./IOT_SDK/Thirdparty/FreeRTOS-Kernel/stream_buffer.o
LOAD ./IOT_SDK/Thirdparty/FreeRTOS-Kernel/tasks.o
LOAD ./IOT_SDK/Thirdparty/FreeRTOS-Kernel/timers.o
LOAD ./IOT_SDK/Thirdparty/FreeRTOS-Kernel/portable/GCC/ARM_CM4F/port.o
LOAD ./IOT_SDK/Thirdparty/FreeRTOS-Kernel/portable/MemMang/heap_4.o
LOAD ./IOT_SDK/Thirdparty/aws-iot-device-sdk-libraries/3rdparty/tinycbor/src/cborencoder.o
LOAD ./IOT_SDK/Thirdparty/aws-iot-device-sdk-libraries/3rdparty/tinycbor/src/cborencoder_close_container_checked.o
LOAD ./IOT_SDK/Thirdparty/aws-iot-device-sdk-libraries/3rdparty/tinycbor/src/cborerrorstrings.o
LOAD ./IOT_SDK/Thirdparty/aws-iot-device-sdk-libraries/3rdparty/tinycbor/src/cborparser.o
LOAD ./IOT_SDK/Thirdparty/aws-iot-device-sdk-libraries/3rdparty/tinycbor/src/cborparser_dup_string.o
LOAD ./IOT_SDK/Thirdparty/aws-iot-device-sdk-libraries/3rdparty/tinycbor/src/cborpretty.o
LOAD ./IOT_SDK/Thirdparty/aws-iot-device-sdk-libraries/3rdparty/tinycbor/src/cborpretty_stdio.o
LOAD ./IOT_SDK/Thirdparty/aws-iot-device-sdk-libraries/3rdparty/tinycbor/src/cbortojson.o
LOAD ./IOT_SDK/Thirdparty/aws-iot-device-sdk-libraries/3rdparty/tinycbor/src/cborvalidation.o
LOAD ./IOT_SDK/Thirdparty/aws-iot-device-sdk-libraries/aws/Jobs-for-AWS-IoT-embedded-sdk/source/jobs.o
LOAD ./IOT_SDK/Thirdparty/aws-iot-device-sdk-libraries/aws/Jobs-for-AWS-IoT-embedded-sdk/source/otaJobParser/job_parser.o
LOAD ./IOT_SDK/Thirdparty/aws-iot-device-sdk-libraries/aws/Jobs-for-AWS-IoT-embedded-sdk/source/otaJobParser/ota_job_handler.o
LOAD ./IOT_SDK/Thirdparty/aws-iot-device-sdk-libraries/aws/aws-iot-core-mqtt-file-streams/source/MQTTFileDownloader.o
LOAD ./IOT_SDK/Thirdparty/aws-iot-device-sdk-libraries/aws/aws-iot-core-mqtt-file-streams/source/MQTTFileDownloader_base64.o
LOAD ./IOT_SDK/Thirdparty/aws-iot-device-sdk-libraries/aws/aws-iot-core-mqtt-file-streams/source/MQTTFileDownloader_cbor.o
LOAD ./IOT_SDK/Thirdparty/aws-iot-device-sdk-libraries/standard/coreJSON/source/core_json.o
LOAD ./IOT_SDK/mqtt_helper/mqtt_helper.o
START GROUP
LOAD D:/KS/STM32Cubeide/STM32CubeIDE_1.18.0/STM32CubeIDE/plugins/com.st.stm32cube.ide.mcu.externaltools.gnu-tools-for-stm32.13.3.rel1.win32_1.0.0.202411081344/tools/bin/../lib/gcc/arm-none-eabi/13.3.1/../../../../arm-none-eabi/lib/thumb/v7e-m+fp/hard\libc_nano.a
LOAD D:/KS/STM32Cubeide/STM32CubeIDE_1.18.0/STM32CubeIDE/plugins/com.st.stm32cube.ide.mcu.externaltools.gnu-tools-for-stm32.13.3.rel1.win32_1.0.0.202411081344/tools/bin/../lib/gcc/arm-none-eabi/13.3.1/../../../../arm-none-eabi/lib/thumb/v7e-m+fp/hard\libm.a
END GROUP
START GROUP
LOAD D:/KS/STM32Cubeide/STM32CubeIDE_1.18.0/STM32CubeIDE/plugins/com.st.stm32cube.ide.mcu.externaltools.gnu-tools-for-stm32.13.3.rel1.win32_1.0.0.202411081344/tools/bin/../lib/gcc/arm-none-eabi/13.3.1/thumb/v7e-m+fp/hard\libgcc.a
LOAD D:/KS/STM32Cubeide/STM32CubeIDE_1.18.0/STM32CubeIDE/plugins/com.st.stm32cube.ide.mcu.externaltools.gnu-tools-for-stm32.13.3.rel1.win32_1.0.0.202411081344/tools/bin/../lib/gcc/arm-none-eabi/13.3.1/../../../../arm-none-eabi/lib/thumb/v7e-m+fp/hard\libc_nano.a
END GROUP
START GROUP
LOAD D:/KS/STM32Cubeide/STM32CubeIDE_1.18.0/STM32CubeIDE/plugins/com.st.stm32cube.ide.mcu.externaltools.gnu-tools-for-stm32.13.3.rel1.win32_1.0.0.202411081344/tools/bin/../lib/gcc/arm-none-eabi/13.3.1/thumb/v7e-m+fp/hard\libgcc.a
LOAD D:/KS/STM32Cubeide/STM32CubeIDE_1.18.0/STM32CubeIDE/plugins/com.st.stm32cube.ide.mcu.externaltools.gnu-tools-for-stm32.13.3.rel1.win32_1.0.0.202411081344/tools/bin/../lib/gcc/arm-none-eabi/13.3.1/../../../../arm-none-eabi/lib/thumb/v7e-m+fp/hard\libc_nano.a
LOAD D:/KS/STM32Cubeide/STM32CubeIDE_1.18.0/STM32CubeIDE/plugins/com.st.stm32cube.ide.mcu.externaltools.gnu-tools-for-stm32.13.3.rel1.win32_1.0.0.202411081344/tools/bin/../lib/gcc/arm-none-eabi/13.3.1/../../../../arm-none-eabi/lib/thumb/v7e-m+fp/hard\libnosys.a
END GROUP
START GROUP
LOAD D:/KS/STM32Cubeide/STM32CubeIDE_1.18.0/STM32CubeIDE/plugins/com.st.stm32cube.ide.mcu.externaltools.gnu-tools-for-stm32.13.3.rel1.win32_1.0.0.202411081344/tools/bin/../lib/gcc/arm-none-eabi/13.3.1/thumb/v7e-m+fp/hard\libgcc.a
LOAD D:/KS/STM32Cubeide/STM32CubeIDE_1.18.0/STM32CubeIDE/plugins/com.st.stm32cube.ide.mcu.externaltools.gnu-tools-for-stm32.13.3.rel1.win32_1.0.0.202411081344/tools/bin/../lib/gcc/arm-none-eabi/13.3.1/../../../../arm-none-eabi/lib/thumb/v7e-m+fp/hard\libc_nano.a
LOAD D:/KS/STM32Cubeide/STM32CubeIDE_1.18.0/STM32CubeIDE/plugins/com.st.stm32cube.ide.mcu.externaltools.gnu-tools-for-stm32.13.3.rel1.win32_1.0.0.202411081344/tools/bin/../lib/gcc/arm-none-eabi/13.3.1/../../../../arm-none-eabi/lib/thumb/v7e-m+fp/hard\libnosys.a
END GROUP
LOAD D:/KS/STM32Cubeide/STM32CubeIDE_1.18.0/STM32CubeIDE/plugins/com.st.stm32cube.ide.mcu.externaltools.gnu-tools-for-stm32.13.3.rel1.win32_1.0.0.202411081344/tools/bin/../lib/gcc/arm-none-eabi/13.3.1/thumb/v7e-m+fp/hard/crtend.o
LOAD D:/KS/STM32Cubeide/STM32CubeIDE_1.18.0/STM32CubeIDE/plugins/com.st.stm32cube.ide.mcu.externaltools.gnu-tools-for-stm32.13.3.rel1.win32_1.0.0.202411081344/tools/bin/../lib/gcc/arm-none-eabi/13.3.1/thumb/v7e-m+fp/hard/crtn.o
                0x20020000                        _estack = (ORIGIN (RAM) + LENGTH (RAM))
                0x00000200                        _Min_Heap_Size = 0x200
                0x00000400                        _Min_Stack_Size = 0x400

.isr_vector     0x08000000      0x188
                0x08000000                        . = ALIGN (0x4)
 *(.isr_vector)
 .isr_vector    0x08000000      0x188 ./Core/Startup/startup_stm32f405rgtx.o
                0x08000000                g_pfnVectors
                0x08000188                        . = ALIGN (0x4)

.text           0x08000190     0xca08
                0x08000190                        . = ALIGN (0x4)
 *(.text)
 .text          0x08000190       0x40 D:/KS/STM32Cubeide/STM32CubeIDE_1.18.0/STM32CubeIDE/plugins/com.st.stm32cube.ide.mcu.externaltools.gnu-tools-for-stm32.13.3.rel1.win32_1.0.0.202411081344/tools/bin/../lib/gcc/arm-none-eabi/13.3.1/thumb/v7e-m+fp/hard/crtbegin.o
 .text          0x080001d0       0xa0 D:/KS/STM32Cubeide/STM32CubeIDE_1.18.0/STM32CubeIDE/plugins/com.st.stm32cube.ide.mcu.externaltools.gnu-tools-for-stm32.13.3.rel1.win32_1.0.0.202411081344/tools/bin/../lib/gcc/arm-none-eabi/13.3.1/../../../../arm-none-eabi/lib/thumb/v7e-m+fp/hard\libc_nano.a(libc_a-memchr.o)
                0x080001d0                memchr
 .text          0x08000270       0x10 D:/KS/STM32Cubeide/STM32CubeIDE_1.18.0/STM32CubeIDE/plugins/com.st.stm32cube.ide.mcu.externaltools.gnu-tools-for-stm32.13.3.rel1.win32_1.0.0.202411081344/tools/bin/../lib/gcc/arm-none-eabi/13.3.1/../../../../arm-none-eabi/lib/thumb/v7e-m+fp/hard\libc_nano.a(libc_a-strlen.o)
                0x08000270                strlen
 .text          0x08000280      0x378 D:/KS/STM32Cubeide/STM32CubeIDE_1.18.0/STM32CubeIDE/plugins/com.st.stm32cube.ide.mcu.externaltools.gnu-tools-for-stm32.13.3.rel1.win32_1.0.0.202411081344/tools/bin/../lib/gcc/arm-none-eabi/13.3.1/thumb/v7e-m+fp/hard\libgcc.a(_arm_addsubdf3.o)
                0x08000280                __aeabi_drsub
                0x08000288                __aeabi_dsub
                0x08000288                __subdf3
                0x0800028c                __aeabi_dadd
                0x0800028c                __adddf3
                0x08000504                __floatunsidf
                0x08000504                __aeabi_ui2d
                0x08000524                __floatsidf
                0x08000524                __aeabi_i2d
                0x08000548                __aeabi_f2d
                0x08000548                __extendsfdf2
                0x0800058c                __floatundidf
                0x0800058c                __aeabi_ul2d
                0x0800059c                __floatdidf
                0x0800059c                __aeabi_l2d
 .text          0x080005f8      0x424 D:/KS/STM32Cubeide/STM32CubeIDE_1.18.0/STM32CubeIDE/plugins/com.st.stm32cube.ide.mcu.externaltools.gnu-tools-for-stm32.13.3.rel1.win32_1.0.0.202411081344/tools/bin/../lib/gcc/arm-none-eabi/13.3.1/thumb/v7e-m+fp/hard\libgcc.a(_arm_muldivdf3.o)
                0x080005f8                __aeabi_dmul
                0x080005f8                __muldf3
                0x0800084c                __divdf3
                0x0800084c                __aeabi_ddiv
 .text          0x08000a1c      0x110 D:/KS/STM32Cubeide/STM32CubeIDE_1.18.0/STM32CubeIDE/plugins/com.st.stm32cube.ide.mcu.externaltools.gnu-tools-for-stm32.13.3.rel1.win32_1.0.0.202411081344/tools/bin/../lib/gcc/arm-none-eabi/13.3.1/thumb/v7e-m+fp/hard\libgcc.a(_arm_cmpdf2.o)
                0x08000a1c                __gtdf2
                0x08000a1c                __gedf2
                0x08000a24                __ltdf2
                0x08000a24                __ledf2
                0x08000a2c                __nedf2
                0x08000a2c                __eqdf2
                0x08000a2c                __cmpdf2
                0x08000aa8                __aeabi_cdrcmple
                0x08000ab8                __aeabi_cdcmpeq
                0x08000ab8                __aeabi_cdcmple
                0x08000ac8                __aeabi_dcmpeq
                0x08000adc                __aeabi_dcmplt
                0x08000af0                __aeabi_dcmple
                0x08000b04                __aeabi_dcmpge
                0x08000b18                __aeabi_dcmpgt
 .text          0x08000b2c       0x2c D:/KS/STM32Cubeide/STM32CubeIDE_1.18.0/STM32CubeIDE/plugins/com.st.stm32cube.ide.mcu.externaltools.gnu-tools-for-stm32.13.3.rel1.win32_1.0.0.202411081344/tools/bin/../lib/gcc/arm-none-eabi/13.3.1/thumb/v7e-m+fp/hard\libgcc.a(_arm_unorddf2.o)
                0x08000b2c                __unorddf2
                0x08000b2c                __aeabi_dcmpun
 .text          0x08000b58       0x50 D:/KS/STM32Cubeide/STM32CubeIDE_1.18.0/STM32CubeIDE/plugins/com.st.stm32cube.ide.mcu.externaltools.gnu-tools-for-stm32.13.3.rel1.win32_1.0.0.202411081344/tools/bin/../lib/gcc/arm-none-eabi/13.3.1/thumb/v7e-m+fp/hard\libgcc.a(_arm_fixdfsi.o)
                0x08000b58                __aeabi_d2iz
                0x08000b58                __fixdfsi
 .text          0x08000ba8       0x30 D:/KS/STM32Cubeide/STM32CubeIDE_1.18.0/STM32CubeIDE/plugins/com.st.stm32cube.ide.mcu.externaltools.gnu-tools-for-stm32.13.3.rel1.win32_1.0.0.202411081344/tools/bin/../lib/gcc/arm-none-eabi/13.3.1/thumb/v7e-m+fp/hard\libgcc.a(_aeabi_uldivmod.o)
                0x08000ba8                __aeabi_uldivmod
 .text          0x08000bd8      0x2f8 D:/KS/STM32Cubeide/STM32CubeIDE_1.18.0/STM32CubeIDE/plugins/com.st.stm32cube.ide.mcu.externaltools.gnu-tools-for-stm32.13.3.rel1.win32_1.0.0.202411081344/tools/bin/../lib/gcc/arm-none-eabi/13.3.1/thumb/v7e-m+fp/hard\libgcc.a(_udivmoddi4.o)
                0x08000bd8                __udivmoddi4
 .text          0x08000ed0        0x4 D:/KS/STM32Cubeide/STM32CubeIDE_1.18.0/STM32CubeIDE/plugins/com.st.stm32cube.ide.mcu.externaltools.gnu-tools-for-stm32.13.3.rel1.win32_1.0.0.202411081344/tools/bin/../lib/gcc/arm-none-eabi/13.3.1/thumb/v7e-m+fp/hard\libgcc.a(_dvmd_tls.o)
                0x08000ed0                __aeabi_idiv0
                0x08000ed0                __aeabi_ldiv0
 *(.text*)
 .text.dwt_init
                0x08000ed4       0x34 ./Core/Src/dht11.o
 .text.delay_us
                0x08000f08       0x4c ./Core/Src/dht11.o
 .text.set_output
                0x08000f54       0x3c ./Core/Src/dht11.o
 .text.set_input
                0x08000f90       0x38 ./Core/Src/dht11.o
 .text.wait_for_state
                0x08000fc8       0x68 ./Core/Src/dht11.o
 .text.dht11_init
                0x08001030       0x20 ./Core/Src/dht11.o
                0x08001030                dht11_init
 .text.dht11_read
                0x08001050      0x164 ./Core/Src/dht11.o
                0x08001050                dht11_read
 .text.mqtt_publish_task
                0x080011b4      0x150 ./Core/Src/main.o
                0x080011b4                mqtt_publish_task
 .text.mqtt_receive_task
                0x08001304      0x140 ./Core/Src/main.o
                0x08001304                mqtt_receive_task
 .text.at_cmd_handle_task
                0x08001444      0x204 ./Core/Src/main.o
                0x08001444                at_cmd_handle_task
 .text.main     0x08001648      0x468 ./Core/Src/main.o
                0x08001648                main
 .text.SystemClock_Config
                0x08001ab0       0xd4 ./Core/Src/main.o
                0x08001ab0                SystemClock_Config
 .text.MX_UART4_Init
                0x08001b84       0x54 ./Core/Src/main.o
 .text.MX_UART5_Init
                0x08001bd8       0x54 ./Core/Src/main.o
 .text.MX_DMA_Init
                0x08001c2c       0x40 ./Core/Src/main.o
 .text.MX_GPIO_Init
                0x08001c6c       0xa0 ./Core/Src/main.o
 .text.HAL_TIM_PeriodElapsedCallback
                0x08001d0c       0x24 ./Core/Src/main.o
                0x08001d0c                HAL_TIM_PeriodElapsedCallback
 .text.Error_Handler
                0x08001d30        0xc ./Core/Src/main.o
                0x08001d30                Error_Handler
 .text.__io_putchar
                0x08001d3c       0x24 ./Core/Src/retarget.o
                0x08001d3c                __io_putchar
 .text.update_sensor_if_needed
                0x08001d60       0x60 ./Core/Src/sensor_util.o
 .text.init_temperature_humidity_sensor
                0x08001dc0       0x6c ./Core/Src/sensor_util.o
                0x08001dc0                init_temperature_humidity_sensor
 .text.get_temperature_reading
                0x08001e2c       0x78 ./Core/Src/sensor_util.o
                0x08001e2c                get_temperature_reading
 .text.get_humidity_reading
                0x08001ea4       0x68 ./Core/Src/sensor_util.o
                0x08001ea4                get_humidity_reading
 .text.HAL_MspInit
                0x08001f0c       0x50 ./Core/Src/stm32f4xx_hal_msp.o
                0x08001f0c                HAL_MspInit
 .text.HAL_UART_MspInit
                0x08001f5c      0x1b4 ./Core/Src/stm32f4xx_hal_msp.o
                0x08001f5c                HAL_UART_MspInit
 .text.HAL_UART_MspDeInit
                0x08002110       0x80 ./Core/Src/stm32f4xx_hal_msp.o
                0x08002110                HAL_UART_MspDeInit
 .text.HAL_InitTick
                0x08002190       0xf8 ./Core/Src/stm32f4xx_hal_timebase_tim.o
                0x08002190                HAL_InitTick
 .text.NMI_Handler
                0x08002288        0x8 ./Core/Src/stm32f4xx_it.o
                0x08002288                NMI_Handler
 .text.HardFault_Handler
                0x08002290        0x8 ./Core/Src/stm32f4xx_it.o
                0x08002290                HardFault_Handler
 .text.MemManage_Handler
                0x08002298        0x8 ./Core/Src/stm32f4xx_it.o
                0x08002298                MemManage_Handler
 .text.BusFault_Handler
                0x080022a0        0x8 ./Core/Src/stm32f4xx_it.o
                0x080022a0                BusFault_Handler
 .text.UsageFault_Handler
                0x080022a8        0x8 ./Core/Src/stm32f4xx_it.o
                0x080022a8                UsageFault_Handler
 .text.DebugMon_Handler
                0x080022b0        0xe ./Core/Src/stm32f4xx_it.o
                0x080022b0                DebugMon_Handler
 *fill*         0x080022be        0x2 
 .text.DMA1_Stream2_IRQHandler
                0x080022c0       0x14 ./Core/Src/stm32f4xx_it.o
                0x080022c0                DMA1_Stream2_IRQHandler
 .text.UART4_IRQHandler
                0x080022d4       0x14 ./Core/Src/stm32f4xx_it.o
                0x080022d4                UART4_IRQHandler
 .text.TIM6_DAC_IRQHandler
                0x080022e8       0x14 ./Core/Src/stm32f4xx_it.o
                0x080022e8                TIM6_DAC_IRQHandler
 .text._getpid  0x080022fc       0x10 ./Core/Src/syscalls.o
                0x080022fc                _getpid
 .text._kill    0x0800230c       0x20 ./Core/Src/syscalls.o
                0x0800230c                _kill
 .text._exit    0x0800232c       0x16 ./Core/Src/syscalls.o
                0x0800232c                _exit
 .text._read    0x08002342       0x3a ./Core/Src/syscalls.o
                0x08002342                _read
 .text._write   0x0800237c       0x38 ./Core/Src/syscalls.o
                0x0800237c                _write
 .text._close   0x080023b4       0x18 ./Core/Src/syscalls.o
                0x080023b4                _close
 .text._fstat   0x080023cc       0x20 ./Core/Src/syscalls.o
                0x080023cc                _fstat
 .text._isatty  0x080023ec       0x16 ./Core/Src/syscalls.o
                0x080023ec                _isatty
 .text._lseek   0x08002402       0x1a ./Core/Src/syscalls.o
                0x08002402                _lseek
 .text._sbrk    0x0800241c       0x6c ./Core/Src/sysmem.o
                0x0800241c                _sbrk
 .text.SystemInit
                0x08002488       0x24 ./Core/Src/system_stm32f4xx.o
                0x08002488                SystemInit
 .text.Reset_Handler
                0x080024ac       0x50 ./Core/Startup/startup_stm32f405rgtx.o
                0x080024ac                Reset_Handler
 .text.Default_Handler
                0x080024fc        0x2 ./Core/Startup/startup_stm32f405rgtx.o
                0x080024fc                RTC_Alarm_IRQHandler
                0x080024fc                HASH_RNG_IRQHandler
                0x080024fc                EXTI2_IRQHandler
                0x080024fc                TIM8_CC_IRQHandler
                0x080024fc                TIM1_CC_IRQHandler
                0x080024fc                DMA2_Stream5_IRQHandler
                0x080024fc                DMA1_Stream5_IRQHandler
                0x080024fc                PVD_IRQHandler
                0x080024fc                SDIO_IRQHandler
                0x080024fc                TAMP_STAMP_IRQHandler
                0x080024fc                CAN2_RX1_IRQHandler
                0x080024fc                EXTI3_IRQHandler
                0x080024fc                TIM8_TRG_COM_TIM14_IRQHandler
                0x080024fc                TIM1_UP_TIM10_IRQHandler
                0x080024fc                TIM8_UP_TIM13_IRQHandler
                0x080024fc                I2C3_ER_IRQHandler
                0x080024fc                EXTI0_IRQHandler
                0x080024fc                I2C2_EV_IRQHandler
                0x080024fc                CAN1_RX0_IRQHandler
                0x080024fc                FPU_IRQHandler
                0x080024fc                OTG_HS_WKUP_IRQHandler
                0x080024fc                CAN2_SCE_IRQHandler
                0x080024fc                DMA2_Stream2_IRQHandler
                0x080024fc                SPI1_IRQHandler
                0x080024fc                TIM1_BRK_TIM9_IRQHandler
                0x080024fc                CAN2_RX0_IRQHandler
                0x080024fc                DMA2_Stream3_IRQHandler
                0x080024fc                USART6_IRQHandler
                0x080024fc                USART3_IRQHandler
                0x080024fc                CAN1_RX1_IRQHandler
                0x080024fc                UART5_IRQHandler
                0x080024fc                DMA2_Stream0_IRQHandler
                0x080024fc                TIM4_IRQHandler
                0x080024fc                I2C1_EV_IRQHandler
                0x080024fc                DMA1_Stream6_IRQHandler
                0x080024fc                DMA1_Stream1_IRQHandler
                0x080024fc                TIM3_IRQHandler
                0x080024fc                RCC_IRQHandler
                0x080024fc                TIM8_BRK_TIM12_IRQHandler
                0x080024fc                Default_Handler
                0x080024fc                EXTI15_10_IRQHandler
                0x080024fc                ADC_IRQHandler
                0x080024fc                DMA1_Stream7_IRQHandler
                0x080024fc                TIM7_IRQHandler
                0x080024fc                CAN2_TX_IRQHandler
                0x080024fc                TIM5_IRQHandler
                0x080024fc                DMA2_Stream7_IRQHandler
                0x080024fc                I2C3_EV_IRQHandler
                0x080024fc                EXTI9_5_IRQHandler
                0x080024fc                RTC_WKUP_IRQHandler
                0x080024fc                SPI2_IRQHandler
                0x080024fc                OTG_HS_EP1_IN_IRQHandler
                0x080024fc                DMA1_Stream0_IRQHandler
                0x080024fc                CAN1_TX_IRQHandler
                0x080024fc                EXTI4_IRQHandler
                0x080024fc                FSMC_IRQHandler
                0x080024fc                OTG_HS_EP1_OUT_IRQHandler
                0x080024fc                WWDG_IRQHandler
                0x080024fc                TIM2_IRQHandler
                0x080024fc                OTG_FS_WKUP_IRQHandler
                0x080024fc                TIM1_TRG_COM_TIM11_IRQHandler
                0x080024fc                OTG_HS_IRQHandler
                0x080024fc                EXTI1_IRQHandler
                0x080024fc                USART2_IRQHandler
                0x080024fc                I2C2_ER_IRQHandler
                0x080024fc                DMA2_Stream1_IRQHandler
                0x080024fc                CAN1_SCE_IRQHandler
                0x080024fc                FLASH_IRQHandler
                0x080024fc                DMA2_Stream4_IRQHandler
                0x080024fc                USART1_IRQHandler
                0x080024fc                OTG_FS_IRQHandler
                0x080024fc                SPI3_IRQHandler
                0x080024fc                DMA1_Stream4_IRQHandler
                0x080024fc                I2C1_ER_IRQHandler
                0x080024fc                DMA2_Stream6_IRQHandler
                0x080024fc                DMA1_Stream3_IRQHandler
 *fill*         0x080024fe        0x2 
 .text.HAL_Init
                0x08002500       0x44 ./Drivers/STM32F4xx_HAL_Driver/Src/stm32f4xx_hal.o
                0x08002500                HAL_Init
 .text.HAL_IncTick
                0x08002544       0x28 ./Drivers/STM32F4xx_HAL_Driver/Src/stm32f4xx_hal.o
                0x08002544                HAL_IncTick
 .text.HAL_GetTick
                0x0800256c       0x18 ./Drivers/STM32F4xx_HAL_Driver/Src/stm32f4xx_hal.o
                0x0800256c                HAL_GetTick
 .text.HAL_Delay
                0x08002584       0x48 ./Drivers/STM32F4xx_HAL_Driver/Src/stm32f4xx_hal.o
                0x08002584                HAL_Delay
 .text.__NVIC_SetPriorityGrouping
                0x080025cc       0x48 ./Drivers/STM32F4xx_HAL_Driver/Src/stm32f4xx_hal_cortex.o
 .text.__NVIC_GetPriorityGrouping
                0x08002614       0x1c ./Drivers/STM32F4xx_HAL_Driver/Src/stm32f4xx_hal_cortex.o
 .text.__NVIC_EnableIRQ
                0x08002630       0x3c ./Drivers/STM32F4xx_HAL_Driver/Src/stm32f4xx_hal_cortex.o
 .text.__NVIC_DisableIRQ
                0x0800266c       0x48 ./Drivers/STM32F4xx_HAL_Driver/Src/stm32f4xx_hal_cortex.o
 .text.__NVIC_SetPriority
                0x080026b4       0x54 ./Drivers/STM32F4xx_HAL_Driver/Src/stm32f4xx_hal_cortex.o
 .text.NVIC_EncodePriority
                0x08002708       0x66 ./Drivers/STM32F4xx_HAL_Driver/Src/stm32f4xx_hal_cortex.o
 .text.HAL_NVIC_SetPriorityGrouping
                0x0800276e       0x16 ./Drivers/STM32F4xx_HAL_Driver/Src/stm32f4xx_hal_cortex.o
                0x0800276e                HAL_NVIC_SetPriorityGrouping
 .text.HAL_NVIC_SetPriority
                0x08002784       0x38 ./Drivers/STM32F4xx_HAL_Driver/Src/stm32f4xx_hal_cortex.o
                0x08002784                HAL_NVIC_SetPriority
 .text.HAL_NVIC_EnableIRQ
                0x080027bc       0x1c ./Drivers/STM32F4xx_HAL_Driver/Src/stm32f4xx_hal_cortex.o
                0x080027bc                HAL_NVIC_EnableIRQ
 .text.HAL_NVIC_DisableIRQ
                0x080027d8       0x1c ./Drivers/STM32F4xx_HAL_Driver/Src/stm32f4xx_hal_cortex.o
                0x080027d8                HAL_NVIC_DisableIRQ
 .text.HAL_DMA_Init
                0x080027f4      0x15c ./Drivers/STM32F4xx_HAL_Driver/Src/stm32f4xx_hal_dma.o
                0x080027f4                HAL_DMA_Init
 .text.HAL_DMA_DeInit
                0x08002950       0xbc ./Drivers/STM32F4xx_HAL_Driver/Src/stm32f4xx_hal_dma.o
                0x08002950                HAL_DMA_DeInit
 .text.HAL_DMA_Start_IT
                0x08002a0c       0xb0 ./Drivers/STM32F4xx_HAL_Driver/Src/stm32f4xx_hal_dma.o
                0x08002a0c                HAL_DMA_Start_IT
 .text.HAL_DMA_Abort
                0x08002abc       0xe0 ./Drivers/STM32F4xx_HAL_Driver/Src/stm32f4xx_hal_dma.o
                0x08002abc                HAL_DMA_Abort
 .text.HAL_DMA_Abort_IT
                0x08002b9c       0x44 ./Drivers/STM32F4xx_HAL_Driver/Src/stm32f4xx_hal_dma.o
                0x08002b9c                HAL_DMA_Abort_IT
 .text.HAL_DMA_IRQHandler
                0x08002be0      0x314 ./Drivers/STM32F4xx_HAL_Driver/Src/stm32f4xx_hal_dma.o
                0x08002be0                HAL_DMA_IRQHandler
 .text.DMA_SetConfig
                0x08002ef4       0x5c ./Drivers/STM32F4xx_HAL_Driver/Src/stm32f4xx_hal_dma.o
 .text.DMA_CalcBaseAndBitshift
                0x08002f50       0x6c ./Drivers/STM32F4xx_HAL_Driver/Src/stm32f4xx_hal_dma.o
 .text.DMA_CheckFifoParam
                0x08002fbc       0xf8 ./Drivers/STM32F4xx_HAL_Driver/Src/stm32f4xx_hal_dma.o
 .text.HAL_GPIO_Init
                0x080030b4      0x338 ./Drivers/STM32F4xx_HAL_Driver/Src/stm32f4xx_hal_gpio.o
                0x080030b4                HAL_GPIO_Init
 .text.HAL_GPIO_DeInit
                0x080033ec      0x1f8 ./Drivers/STM32F4xx_HAL_Driver/Src/stm32f4xx_hal_gpio.o
                0x080033ec                HAL_GPIO_DeInit
 .text.HAL_GPIO_ReadPin
                0x080035e4       0x30 ./Drivers/STM32F4xx_HAL_Driver/Src/stm32f4xx_hal_gpio.o
                0x080035e4                HAL_GPIO_ReadPin
 .text.HAL_GPIO_WritePin
                0x08003614       0x32 ./Drivers/STM32F4xx_HAL_Driver/Src/stm32f4xx_hal_gpio.o
                0x08003614                HAL_GPIO_WritePin
 *fill*         0x08003646        0x2 
 .text.HAL_RCC_OscConfig
                0x08003648      0x4f0 ./Drivers/STM32F4xx_HAL_Driver/Src/stm32f4xx_hal_rcc.o
                0x08003648                HAL_RCC_OscConfig
 .text.HAL_RCC_ClockConfig
                0x08003b38      0x1cc ./Drivers/STM32F4xx_HAL_Driver/Src/stm32f4xx_hal_rcc.o
                0x08003b38                HAL_RCC_ClockConfig
 .text.HAL_RCC_GetSysClockFreq
                0x08003d04      0x18c ./Drivers/STM32F4xx_HAL_Driver/Src/stm32f4xx_hal_rcc.o
                0x08003d04                HAL_RCC_GetSysClockFreq
 .text.HAL_RCC_GetHCLKFreq
                0x08003e90       0x18 ./Drivers/STM32F4xx_HAL_Driver/Src/stm32f4xx_hal_rcc.o
                0x08003e90                HAL_RCC_GetHCLKFreq
 .text.HAL_RCC_GetPCLK1Freq
                0x08003ea8       0x28 ./Drivers/STM32F4xx_HAL_Driver/Src/stm32f4xx_hal_rcc.o
                0x08003ea8                HAL_RCC_GetPCLK1Freq
 .text.HAL_RCC_GetPCLK2Freq
                0x08003ed0       0x28 ./Drivers/STM32F4xx_HAL_Driver/Src/stm32f4xx_hal_rcc.o
                0x08003ed0                HAL_RCC_GetPCLK2Freq
 .text.HAL_RCC_GetClockConfig
                0x08003ef8       0x64 ./Drivers/STM32F4xx_HAL_Driver/Src/stm32f4xx_hal_rcc.o
                0x08003ef8                HAL_RCC_GetClockConfig
 .text.HAL_TIM_Base_Init
                0x08003f5c       0x9e ./Drivers/STM32F4xx_HAL_Driver/Src/stm32f4xx_hal_tim.o
                0x08003f5c                HAL_TIM_Base_Init
 .text.HAL_TIM_Base_MspInit
                0x08003ffa       0x14 ./Drivers/STM32F4xx_HAL_Driver/Src/stm32f4xx_hal_tim.o
                0x08003ffa                HAL_TIM_Base_MspInit
 *fill*         0x0800400e        0x2 
 .text.HAL_TIM_Base_Start_IT
                0x08004010       0xe0 ./Drivers/STM32F4xx_HAL_Driver/Src/stm32f4xx_hal_tim.o
                0x08004010                HAL_TIM_Base_Start_IT
 .text.HAL_TIM_IRQHandler
                0x080040f0      0x1e0 ./Drivers/STM32F4xx_HAL_Driver/Src/stm32f4xx_hal_tim.o
                0x080040f0                HAL_TIM_IRQHandler
 .text.HAL_TIM_OC_DelayElapsedCallback
                0x080042d0       0x14 ./Drivers/STM32F4xx_HAL_Driver/Src/stm32f4xx_hal_tim.o
                0x080042d0                HAL_TIM_OC_DelayElapsedCallback
 .text.HAL_TIM_IC_CaptureCallback
                0x080042e4       0x14 ./Drivers/STM32F4xx_HAL_Driver/Src/stm32f4xx_hal_tim.o
                0x080042e4                HAL_TIM_IC_CaptureCallback
 .text.HAL_TIM_PWM_PulseFinishedCallback
                0x080042f8       0x14 ./Drivers/STM32F4xx_HAL_Driver/Src/stm32f4xx_hal_tim.o
                0x080042f8                HAL_TIM_PWM_PulseFinishedCallback
 .text.HAL_TIM_TriggerCallback
                0x0800430c       0x14 ./Drivers/STM32F4xx_HAL_Driver/Src/stm32f4xx_hal_tim.o
                0x0800430c                HAL_TIM_TriggerCallback
 .text.TIM_Base_SetConfig
                0x08004320      0x14c ./Drivers/STM32F4xx_HAL_Driver/Src/stm32f4xx_hal_tim.o
                0x08004320                TIM_Base_SetConfig
 .text.HAL_TIMEx_CommutCallback
                0x0800446c       0x14 ./Drivers/STM32F4xx_HAL_Driver/Src/stm32f4xx_hal_tim_ex.o
                0x0800446c                HAL_TIMEx_CommutCallback
 .text.HAL_TIMEx_BreakCallback
                0x08004480       0x14 ./Drivers/STM32F4xx_HAL_Driver/Src/stm32f4xx_hal_tim_ex.o
                0x08004480                HAL_TIMEx_BreakCallback
 .text.HAL_UART_Init
                0x08004494       0xa0 ./Drivers/STM32F4xx_HAL_Driver/Src/stm32f4xx_hal_uart.o
                0x08004494                HAL_UART_Init
 .text.HAL_UART_DeInit
                0x08004534       0x64 ./Drivers/STM32F4xx_HAL_Driver/Src/stm32f4xx_hal_uart.o
                0x08004534                HAL_UART_DeInit
 .text.HAL_UART_Transmit
                0x08004598      0x116 ./Drivers/STM32F4xx_HAL_Driver/Src/stm32f4xx_hal_uart.o
                0x08004598                HAL_UART_Transmit
 .text.HAL_UART_DMAStop
                0x080046ae       0xfe ./Drivers/STM32F4xx_HAL_Driver/Src/stm32f4xx_hal_uart.o
                0x080046ae                HAL_UART_DMAStop
 .text.HAL_UARTEx_ReceiveToIdle_DMA
                0x080047ac       0xb2 ./Drivers/STM32F4xx_HAL_Driver/Src/stm32f4xx_hal_uart.o
                0x080047ac                HAL_UARTEx_ReceiveToIdle_DMA
 *fill*         0x0800485e        0x2 
 .text.HAL_UART_IRQHandler
                0x08004860      0x554 ./Drivers/STM32F4xx_HAL_Driver/Src/stm32f4xx_hal_uart.o
                0x08004860                HAL_UART_IRQHandler
 .text.HAL_UART_TxCpltCallback
                0x08004db4       0x14 ./Drivers/STM32F4xx_HAL_Driver/Src/stm32f4xx_hal_uart.o
                0x08004db4                HAL_UART_TxCpltCallback
 .text.HAL_UART_RxCpltCallback
                0x08004dc8       0x14 ./Drivers/STM32F4xx_HAL_Driver/Src/stm32f4xx_hal_uart.o
                0x08004dc8                HAL_UART_RxCpltCallback
 .text.HAL_UART_RxHalfCpltCallback
                0x08004ddc       0x14 ./Drivers/STM32F4xx_HAL_Driver/Src/stm32f4xx_hal_uart.o
                0x08004ddc                HAL_UART_RxHalfCpltCallback
 .text.UART_DMAReceiveCplt
                0x08004df0      0x12c ./Drivers/STM32F4xx_HAL_Driver/Src/stm32f4xx_hal_uart.o
 .text.UART_DMARxHalfCplt
                0x08004f1c       0x3c ./Drivers/STM32F4xx_HAL_Driver/Src/stm32f4xx_hal_uart.o
 .text.UART_DMAError
                0x08004f58       0x94 ./Drivers/STM32F4xx_HAL_Driver/Src/stm32f4xx_hal_uart.o
 .text.UART_WaitOnFlagUntilTimeout
                0x08004fec       0xb2 ./Drivers/STM32F4xx_HAL_Driver/Src/stm32f4xx_hal_uart.o
 *fill*         0x0800509e        0x2 
 .text.UART_Start_Receive_DMA
                0x080050a0      0x14c ./Drivers/STM32F4xx_HAL_Driver/Src/stm32f4xx_hal_uart.o
                0x080050a0                UART_Start_Receive_DMA
 .text.UART_EndTxTransfer
                0x080051ec       0x50 ./Drivers/STM32F4xx_HAL_Driver/Src/stm32f4xx_hal_uart.o
 .text.UART_EndRxTransfer
                0x0800523c       0xc6 ./Drivers/STM32F4xx_HAL_Driver/Src/stm32f4xx_hal_uart.o
 .text.UART_DMAAbortOnError
                0x08005302       0x22 ./Drivers/STM32F4xx_HAL_Driver/Src/stm32f4xx_hal_uart.o
 .text.UART_Transmit_IT
                0x08005324       0xa0 ./Drivers/STM32F4xx_HAL_Driver/Src/stm32f4xx_hal_uart.o
 .text.UART_EndTransmit_IT
                0x080053c4       0x30 ./Drivers/STM32F4xx_HAL_Driver/Src/stm32f4xx_hal_uart.o
 .text.UART_Receive_IT
                0x080053f4      0x17c ./Drivers/STM32F4xx_HAL_Driver/Src/stm32f4xx_hal_uart.o
 .text.UART_SetConfig
                0x08005570      0x4e8 ./Drivers/STM32F4xx_HAL_Driver/Src/stm32f4xx_hal_uart.o
 .text.esp32_init
                0x08005a58       0x9c ./IOT_SDK/BSP/esp32_at.o
                0x08005a58                esp32_init
 .text.esp32_join_ap
                0x08005af4       0x58 ./IOT_SDK/BSP/esp32_at.o
                0x08005af4                esp32_join_ap
 .text.esp32_config_sntp
                0x08005b4c       0x68 ./IOT_SDK/BSP/esp32_at.o
                0x08005b4c                esp32_config_sntp
 .text.esp32_get_sntp_time
                0x08005bb4       0xe8 ./IOT_SDK/BSP/esp32_at.o
                0x08005bb4                esp32_get_sntp_time
 .text.esp32_mqtt_configure
                0x08005c9c      0x15c ./IOT_SDK/BSP/esp32_at.o
                0x08005c9c                esp32_mqtt_configure
 .text.esp32_mqtt_connect_to_broker
                0x08005df8       0x78 ./IOT_SDK/BSP/esp32_at.o
                0x08005df8                esp32_mqtt_connect_to_broker
 .text.esp32_mqtt_subscribe
                0x08005e70       0x5c ./IOT_SDK/BSP/esp32_at.o
                0x08005e70                esp32_mqtt_subscribe
 .text.esp32_mqtt_publish
                0x08005ecc       0xc0 ./IOT_SDK/BSP/esp32_at.o
                0x08005ecc                esp32_mqtt_publish
 .text.esp32_recv_mqtt_data
                0x08005f8c       0x70 ./IOT_SDK/BSP/esp32_at.o
                0x08005f8c                esp32_recv_mqtt_data
 .text.recv_mqtt_data
                0x08005ffc      0x230 ./IOT_SDK/BSP/esp32_at.o
 .text.run_at_cmd
                0x0800622c       0x90 ./IOT_SDK/BSP/esp32_at.o
 .text.esp32_io_init
                0x080062bc       0x4c ./IOT_SDK/BSP/esp32_at_io.o
                0x080062bc                esp32_io_init
 .text.esp32_io_send
                0x08006308       0x34 ./IOT_SDK/BSP/esp32_at_io.o
                0x08006308                esp32_io_send
 .text.esp32_io_recv
                0x0800633c       0xa8 ./IOT_SDK/BSP/esp32_at_io.o
                0x0800633c                esp32_io_recv
 .text.esp32_io_recv_nb
                0x080063e4       0xa4 ./IOT_SDK/BSP/esp32_at_io.o
                0x080063e4                esp32_io_recv_nb
 .text.HAL_UARTEx_RxEventCallback
                0x08006488       0x74 ./IOT_SDK/BSP/esp32_at_io.o
                0x08006488                HAL_UARTEx_RxEventCallback
 .text.HAL_UART_ErrorCallback
                0x080064fc       0x14 ./IOT_SDK/BSP/esp32_at_io.o
                0x080064fc                HAL_UART_ErrorCallback
 .text.esp32_io_error_handler
                0x08006510       0x18 ./IOT_SDK/BSP/esp32_at_io.o
 .text.vApplicationGetTimerTaskMemory
                0x08006528       0x34 ./IOT_SDK/Thirdparty/FreeRTOS-Kernel/freertos_hooks.o
                0x08006528                vApplicationGetTimerTaskMemory
 .text.vApplicationGetIdleTaskMemory
                0x0800655c       0x34 ./IOT_SDK/Thirdparty/FreeRTOS-Kernel/freertos_hooks.o
                0x0800655c                vApplicationGetIdleTaskMemory
 .text.vListInitialise
                0x08006590       0x40 ./IOT_SDK/Thirdparty/FreeRTOS-Kernel/list.o
                0x08006590                vListInitialise
 .text.vListInitialiseItem
                0x080065d0       0x1a ./IOT_SDK/Thirdparty/FreeRTOS-Kernel/list.o
                0x080065d0                vListInitialiseItem
 .text.vListInsert
                0x080065ea       0x72 ./IOT_SDK/Thirdparty/FreeRTOS-Kernel/list.o
                0x080065ea                vListInsert
 .text.uxListRemove
                0x0800665c       0x54 ./IOT_SDK/Thirdparty/FreeRTOS-Kernel/list.o
                0x0800665c                uxListRemove
 .text.xQueueGenericReset
                0x080066b0      0x124 ./IOT_SDK/Thirdparty/FreeRTOS-Kernel/queue.o
                0x080066b0                xQueueGenericReset
 .text.xQueueGenericCreateStatic
                0x080067d4       0xc2 ./IOT_SDK/Thirdparty/FreeRTOS-Kernel/queue.o
                0x080067d4                xQueueGenericCreateStatic
 .text.xQueueGenericCreate
                0x08006896       0xa6 ./IOT_SDK/Thirdparty/FreeRTOS-Kernel/queue.o
                0x08006896                xQueueGenericCreate
 .text.prvInitialiseNewQueue
                0x0800693c       0x3e ./IOT_SDK/Thirdparty/FreeRTOS-Kernel/queue.o
 *fill*         0x0800697a        0x2 
 .text.xQueueGenericSend
                0x0800697c      0x204 ./IOT_SDK/Thirdparty/FreeRTOS-Kernel/queue.o
                0x0800697c                xQueueGenericSend
 .text.xQueueReceive
                0x08006b80      0x1c4 ./IOT_SDK/Thirdparty/FreeRTOS-Kernel/queue.o
                0x08006b80                xQueueReceive
 .text.prvCopyDataToQueue
                0x08006d44       0xd4 ./IOT_SDK/Thirdparty/FreeRTOS-Kernel/queue.o
 .text.prvCopyDataFromQueue
                0x08006e18       0x4c ./IOT_SDK/Thirdparty/FreeRTOS-Kernel/queue.o
 .text.prvUnlockQueue
                0x08006e64       0xa4 ./IOT_SDK/Thirdparty/FreeRTOS-Kernel/queue.o
 .text.prvIsQueueEmpty
                0x08006f08       0x2c ./IOT_SDK/Thirdparty/FreeRTOS-Kernel/queue.o
 .text.prvIsQueueFull
                0x08006f34       0x30 ./IOT_SDK/Thirdparty/FreeRTOS-Kernel/queue.o
 .text.vQueueWaitForMessageRestricted
                0x08006f64       0x68 ./IOT_SDK/Thirdparty/FreeRTOS-Kernel/queue.o
                0x08006f64                vQueueWaitForMessageRestricted
 .text.prvCreateStaticTask
                0x08006fcc       0xc2 ./IOT_SDK/Thirdparty/FreeRTOS-Kernel/tasks.o
 .text.xTaskCreateStatic
                0x0800708e       0x48 ./IOT_SDK/Thirdparty/FreeRTOS-Kernel/tasks.o
                0x0800708e                xTaskCreateStatic
 .text.prvCreateTask
                0x080070d6       0x80 ./IOT_SDK/Thirdparty/FreeRTOS-Kernel/tasks.o
 .text.xTaskCreate
                0x08007156       0x46 ./IOT_SDK/Thirdparty/FreeRTOS-Kernel/tasks.o
                0x08007156                xTaskCreate
 .text.prvInitialiseNewTask
                0x0800719c      0x120 ./IOT_SDK/Thirdparty/FreeRTOS-Kernel/tasks.o
 .text.prvAddNewTaskToReadyList
                0x080072bc      0x128 ./IOT_SDK/Thirdparty/FreeRTOS-Kernel/tasks.o
 .text.vTaskDelay
                0x080073e4       0x6c ./IOT_SDK/Thirdparty/FreeRTOS-Kernel/tasks.o
                0x080073e4                vTaskDelay
 .text.prvCreateIdleTasks
                0x08007450       0xd0 ./IOT_SDK/Thirdparty/FreeRTOS-Kernel/tasks.o
 .text.vTaskStartScheduler
                0x08007520       0x88 ./IOT_SDK/Thirdparty/FreeRTOS-Kernel/tasks.o
                0x08007520                vTaskStartScheduler
 .text.vTaskSuspendAll
                0x080075a8       0x1c ./IOT_SDK/Thirdparty/FreeRTOS-Kernel/tasks.o
                0x080075a8                vTaskSuspendAll
 .text.xTaskResumeAll
                0x080075c4      0x210 ./IOT_SDK/Thirdparty/FreeRTOS-Kernel/tasks.o
                0x080075c4                xTaskResumeAll
 .text.xTaskGetTickCount
                0x080077d4       0x20 ./IOT_SDK/Thirdparty/FreeRTOS-Kernel/tasks.o
                0x080077d4                xTaskGetTickCount
 .text.xTaskIncrementTick
                0x080077f4      0x234 ./IOT_SDK/Thirdparty/FreeRTOS-Kernel/tasks.o
                0x080077f4                xTaskIncrementTick
 .text.vTaskSwitchContext
                0x08007a28       0xbc ./IOT_SDK/Thirdparty/FreeRTOS-Kernel/tasks.o
                0x08007a28                vTaskSwitchContext
 .text.vTaskPlaceOnEventList
                0x08007ae4       0x4c ./IOT_SDK/Thirdparty/FreeRTOS-Kernel/tasks.o
                0x08007ae4                vTaskPlaceOnEventList
 .text.vTaskPlaceOnEventListRestricted
                0x08007b30       0x8c ./IOT_SDK/Thirdparty/FreeRTOS-Kernel/tasks.o
                0x08007b30                vTaskPlaceOnEventListRestricted
 .text.xTaskRemoveFromEventList
                0x08007bbc      0x1b4 ./IOT_SDK/Thirdparty/FreeRTOS-Kernel/tasks.o
                0x08007bbc                xTaskRemoveFromEventList
 .text.vTaskInternalSetTimeOutState
                0x08007d70       0x2c ./IOT_SDK/Thirdparty/FreeRTOS-Kernel/tasks.o
                0x08007d70                vTaskInternalSetTimeOutState
 .text.xTaskCheckForTimeOut
                0x08007d9c       0xf0 ./IOT_SDK/Thirdparty/FreeRTOS-Kernel/tasks.o
                0x08007d9c                xTaskCheckForTimeOut
 .text.vTaskMissedYield
                0x08007e8c       0x18 ./IOT_SDK/Thirdparty/FreeRTOS-Kernel/tasks.o
                0x08007e8c                vTaskMissedYield
 .text.prvIdleTask
                0x08007ea4       0x30 ./IOT_SDK/Thirdparty/FreeRTOS-Kernel/tasks.o
 .text.prvInitialiseTaskLists
                0x08007ed4       0x80 ./IOT_SDK/Thirdparty/FreeRTOS-Kernel/tasks.o
 .text.prvCheckTasksWaitingTermination
                0x08007f54       0x5c ./IOT_SDK/Thirdparty/FreeRTOS-Kernel/tasks.o
 .text.prvDeleteTCB
                0x08007fb0       0x60 ./IOT_SDK/Thirdparty/FreeRTOS-Kernel/tasks.o
 .text.prvResetNextTaskUnblockTime
                0x08008010       0x38 ./IOT_SDK/Thirdparty/FreeRTOS-Kernel/tasks.o
 .text.xTaskGetSchedulerState
                0x08008048       0x3c ./IOT_SDK/Thirdparty/FreeRTOS-Kernel/tasks.o
                0x08008048                xTaskGetSchedulerState
 .text.xTaskPriorityDisinherit
                0x08008084      0x150 ./IOT_SDK/Thirdparty/FreeRTOS-Kernel/tasks.o
                0x08008084                xTaskPriorityDisinherit
 .text.prvAddCurrentTaskToDelayedList
                0x080081d4      0x10c ./IOT_SDK/Thirdparty/FreeRTOS-Kernel/tasks.o
 .text.xTimerCreateTimerTask
                0x080082e0       0x94 ./IOT_SDK/Thirdparty/FreeRTOS-Kernel/timers.o
                0x080082e0                xTimerCreateTimerTask
 .text.prvReloadTimer
                0x08008374       0x42 ./IOT_SDK/Thirdparty/FreeRTOS-Kernel/timers.o
 *fill*         0x080083b6        0x2 
 .text.prvProcessExpiredTimer
                0x080083b8       0x60 ./IOT_SDK/Thirdparty/FreeRTOS-Kernel/timers.o
 .text.prvTimerTask
                0x08008418       0x26 ./IOT_SDK/Thirdparty/FreeRTOS-Kernel/timers.o
 *fill*         0x0800843e        0x2 
 .text.prvProcessTimerOrBlockTask
                0x08008440       0x9c ./IOT_SDK/Thirdparty/FreeRTOS-Kernel/timers.o
 .text.prvGetNextExpireTime
                0x080084dc       0x48 ./IOT_SDK/Thirdparty/FreeRTOS-Kernel/timers.o
 .text.prvSampleTimeNow
                0x08008524       0x40 ./IOT_SDK/Thirdparty/FreeRTOS-Kernel/timers.o
 .text.prvInsertTimerInActiveList
                0x08008564       0x84 ./IOT_SDK/Thirdparty/FreeRTOS-Kernel/timers.o
 .text.prvProcessReceivedCommands
                0x080085e8      0x1c8 ./IOT_SDK/Thirdparty/FreeRTOS-Kernel/timers.o
 .text.prvSwitchTimerLists
                0x080087b0       0x4c ./IOT_SDK/Thirdparty/FreeRTOS-Kernel/timers.o
 .text.prvCheckForValidListAndQueue
                0x080087fc       0x68 ./IOT_SDK/Thirdparty/FreeRTOS-Kernel/timers.o
 .text.pxPortInitialiseStack
                0x08008864       0x68 ./IOT_SDK/Thirdparty/FreeRTOS-Kernel/portable/GCC/ARM_CM4F/port.o
                0x08008864                pxPortInitialiseStack
 .text.prvTaskExitError
                0x080088cc       0x5c ./IOT_SDK/Thirdparty/FreeRTOS-Kernel/portable/GCC/ARM_CM4F/port.o
 *fill*         0x08008928        0x8 
 .text.SVC_Handler
                0x08008930       0x28 ./IOT_SDK/Thirdparty/FreeRTOS-Kernel/portable/GCC/ARM_CM4F/port.o
                0x08008930                SVC_Handler
 .text.prvPortStartFirstTask
                0x08008958       0x2c ./IOT_SDK/Thirdparty/FreeRTOS-Kernel/portable/GCC/ARM_CM4F/port.o
 .text.xPortStartScheduler
                0x08008984      0x1e0 ./IOT_SDK/Thirdparty/FreeRTOS-Kernel/portable/GCC/ARM_CM4F/port.o
                0x08008984                xPortStartScheduler
 .text.vPortEnterCritical
                0x08008b64       0x64 ./IOT_SDK/Thirdparty/FreeRTOS-Kernel/portable/GCC/ARM_CM4F/port.o
                0x08008b64                vPortEnterCritical
 .text.vPortExitCritical
                0x08008bc8       0x54 ./IOT_SDK/Thirdparty/FreeRTOS-Kernel/portable/GCC/ARM_CM4F/port.o
                0x08008bc8                vPortExitCritical
 *fill*         0x08008c1c        0x4 
 .text.PendSV_Handler
                0x08008c20       0x68 ./IOT_SDK/Thirdparty/FreeRTOS-Kernel/portable/GCC/ARM_CM4F/port.o
                0x08008c20                PendSV_Handler
 .text.SysTick_Handler
                0x08008c88       0x44 ./IOT_SDK/Thirdparty/FreeRTOS-Kernel/portable/GCC/ARM_CM4F/port.o
                0x08008c88                SysTick_Handler
 .text.vPortSetupTimerInterrupt
                0x08008ccc       0x48 ./IOT_SDK/Thirdparty/FreeRTOS-Kernel/portable/GCC/ARM_CM4F/port.o
                0x08008ccc                vPortSetupTimerInterrupt
 .text.vPortEnableVFP
                0x08008d14       0x18 ./IOT_SDK/Thirdparty/FreeRTOS-Kernel/portable/GCC/ARM_CM4F/port.o
 .text.pvPortMalloc
                0x08008d2c      0x264 ./IOT_SDK/Thirdparty/FreeRTOS-Kernel/portable/MemMang/heap_4.o
                0x08008d2c                pvPortMalloc
 .text.vPortFree
                0x08008f90       0xec ./IOT_SDK/Thirdparty/FreeRTOS-Kernel/portable/MemMang/heap_4.o
                0x08008f90                vPortFree
 .text.xPortGetFreeHeapSize
                0x0800907c       0x18 ./IOT_SDK/Thirdparty/FreeRTOS-Kernel/portable/MemMang/heap_4.o
                0x0800907c                xPortGetFreeHeapSize
 .text.prvHeapInit
                0x08009094       0xb4 ./IOT_SDK/Thirdparty/FreeRTOS-Kernel/portable/MemMang/heap_4.o
 .text.prvInsertBlockIntoFreeList
                0x08009148       0xf4 ./IOT_SDK/Thirdparty/FreeRTOS-Kernel/portable/MemMang/heap_4.o
 .text.mqtt_connect
                0x0800923c       0xe8 ./IOT_SDK/mqtt_helper/mqtt_helper.o
                0x0800923c                mqtt_connect
 .text.mqtt_publish
                0x08009324       0x82 ./IOT_SDK/mqtt_helper/mqtt_helper.o
                0x08009324                mqtt_publish
 .text.mqtt_subscribe
                0x080093a6       0x54 ./IOT_SDK/mqtt_helper/mqtt_helper.o
                0x080093a6                mqtt_subscribe
 *fill*         0x080093fa        0x2 
 .text.__assert_func
                0x080093fc       0x3c D:/KS/STM32Cubeide/STM32CubeIDE_1.18.0/STM32CubeIDE/plugins/com.st.stm32cube.ide.mcu.externaltools.gnu-tools-for-stm32.13.3.rel1.win32_1.0.0.202411081344/tools/bin/../lib/gcc/arm-none-eabi/13.3.1/../../../../arm-none-eabi/lib/thumb/v7e-m+fp/hard\libc_nano.a(libc_a-assert.o)
                0x080093fc                __assert_func
 .text.atoi     0x08009438        0x8 D:/KS/STM32Cubeide/STM32CubeIDE_1.18.0/STM32CubeIDE/plugins/com.st.stm32cube.ide.mcu.externaltools.gnu-tools-for-stm32.13.3.rel1.win32_1.0.0.202411081344/tools/bin/../lib/gcc/arm-none-eabi/13.3.1/../../../../arm-none-eabi/lib/thumb/v7e-m+fp/hard\libc_nano.a(libc_a-atoi.o)
                0x08009438                atoi
 .text.malloc   0x08009440       0x10 D:/KS/STM32Cubeide/STM32CubeIDE_1.18.0/STM32CubeIDE/plugins/com.st.stm32cube.ide.mcu.externaltools.gnu-tools-for-stm32.13.3.rel1.win32_1.0.0.202411081344/tools/bin/../lib/gcc/arm-none-eabi/13.3.1/../../../../arm-none-eabi/lib/thumb/v7e-m+fp/hard\libc_nano.a(libc_a-malloc.o)
                0x08009440                malloc
 .text.sbrk_aligned
                0x08009450       0x44 D:/KS/STM32Cubeide/STM32CubeIDE_1.18.0/STM32CubeIDE/plugins/com.st.stm32cube.ide.mcu.externaltools.gnu-tools-for-stm32.13.3.rel1.win32_1.0.0.202411081344/tools/bin/../lib/gcc/arm-none-eabi/13.3.1/../../../../arm-none-eabi/lib/thumb/v7e-m+fp/hard\libc_nano.a(libc_a-mallocr.o)
 .text._malloc_r
                0x08009494      0x100 D:/KS/STM32Cubeide/STM32CubeIDE_1.18.0/STM32CubeIDE/plugins/com.st.stm32cube.ide.mcu.externaltools.gnu-tools-for-stm32.13.3.rel1.win32_1.0.0.202411081344/tools/bin/../lib/gcc/arm-none-eabi/13.3.1/../../../../arm-none-eabi/lib/thumb/v7e-m+fp/hard\libc_nano.a(libc_a-mallocr.o)
                0x08009494                _malloc_r
 .text.__malloc_lock
                0x08009594        0xc D:/KS/STM32Cubeide/STM32CubeIDE_1.18.0/STM32CubeIDE/plugins/com.st.stm32cube.ide.mcu.externaltools.gnu-tools-for-stm32.13.3.rel1.win32_1.0.0.202411081344/tools/bin/../lib/gcc/arm-none-eabi/13.3.1/../../../../arm-none-eabi/lib/thumb/v7e-m+fp/hard\libc_nano.a(libc_a-mlock.o)
                0x08009594                __malloc_lock
 .text.__malloc_unlock
                0x080095a0        0xc D:/KS/STM32Cubeide/STM32CubeIDE_1.18.0/STM32CubeIDE/plugins/com.st.stm32cube.ide.mcu.externaltools.gnu-tools-for-stm32.13.3.rel1.win32_1.0.0.202411081344/tools/bin/../lib/gcc/arm-none-eabi/13.3.1/../../../../arm-none-eabi/lib/thumb/v7e-m+fp/hard\libc_nano.a(libc_a-mlock.o)
                0x080095a0                __malloc_unlock
 .text._strtol_l.isra.0
                0x080095ac       0xf4 D:/KS/STM32Cubeide/STM32CubeIDE_1.18.0/STM32CubeIDE/plugins/com.st.stm32cube.ide.mcu.externaltools.gnu-tools-for-stm32.13.3.rel1.win32_1.0.0.202411081344/tools/bin/../lib/gcc/arm-none-eabi/13.3.1/../../../../arm-none-eabi/lib/thumb/v7e-m+fp/hard\libc_nano.a(libc_a-strtol.o)
 .text._strtol_r
                0x080096a0        0x4 D:/KS/STM32Cubeide/STM32CubeIDE_1.18.0/STM32CubeIDE/plugins/com.st.stm32cube.ide.mcu.externaltools.gnu-tools-for-stm32.13.3.rel1.win32_1.0.0.202411081344/tools/bin/../lib/gcc/arm-none-eabi/13.3.1/../../../../arm-none-eabi/lib/thumb/v7e-m+fp/hard\libc_nano.a(libc_a-strtol.o)
                0x080096a0                _strtol_r
 .text.strtol   0x080096a4       0x14 D:/KS/STM32Cubeide/STM32CubeIDE_1.18.0/STM32CubeIDE/plugins/com.st.stm32cube.ide.mcu.externaltools.gnu-tools-for-stm32.13.3.rel1.win32_1.0.0.202411081344/tools/bin/../lib/gcc/arm-none-eabi/13.3.1/../../../../arm-none-eabi/lib/thumb/v7e-m+fp/hard\libc_nano.a(libc_a-strtol.o)
                0x080096a4                strtol
 .text.__cvt    0x080096b8       0xca D:/KS/STM32Cubeide/STM32CubeIDE_1.18.0/STM32CubeIDE/plugins/com.st.stm32cube.ide.mcu.externaltools.gnu-tools-for-stm32.13.3.rel1.win32_1.0.0.202411081344/tools/bin/../lib/gcc/arm-none-eabi/13.3.1/../../../../arm-none-eabi/lib/thumb/v7e-m+fp/hard\libc_nano.a(libc_a-nano-vfprintf_float.o)
                0x080096b8                __cvt
 .text.__exponent
                0x08009782       0x74 D:/KS/STM32Cubeide/STM32CubeIDE_1.18.0/STM32CubeIDE/plugins/com.st.stm32cube.ide.mcu.externaltools.gnu-tools-for-stm32.13.3.rel1.win32_1.0.0.202411081344/tools/bin/../lib/gcc/arm-none-eabi/13.3.1/../../../../arm-none-eabi/lib/thumb/v7e-m+fp/hard\libc_nano.a(libc_a-nano-vfprintf_float.o)
                0x08009782                __exponent
 *fill*         0x080097f6        0x2 
 .text._printf_float
                0x080097f8      0x454 D:/KS/STM32Cubeide/STM32CubeIDE_1.18.0/STM32CubeIDE/plugins/com.st.stm32cube.ide.mcu.externaltools.gnu-tools-for-stm32.13.3.rel1.win32_1.0.0.202411081344/tools/bin/../lib/gcc/arm-none-eabi/13.3.1/../../../../arm-none-eabi/lib/thumb/v7e-m+fp/hard\libc_nano.a(libc_a-nano-vfprintf_float.o)
                0x080097f8                _printf_float
 .text.__sfputc_r
                0x08009c4c       0x2e D:/KS/STM32Cubeide/STM32CubeIDE_1.18.0/STM32CubeIDE/plugins/com.st.stm32cube.ide.mcu.externaltools.gnu-tools-for-stm32.13.3.rel1.win32_1.0.0.202411081344/tools/bin/../lib/gcc/arm-none-eabi/13.3.1/../../../../arm-none-eabi/lib/thumb/v7e-m+fp/hard\libc_nano.a(libc_a-nano-vfprintf.o)
 .text.__sfputs_r
                0x08009c7a       0x24 D:/KS/STM32Cubeide/STM32CubeIDE_1.18.0/STM32CubeIDE/plugins/com.st.stm32cube.ide.mcu.externaltools.gnu-tools-for-stm32.13.3.rel1.win32_1.0.0.202411081344/tools/bin/../lib/gcc/arm-none-eabi/13.3.1/../../../../arm-none-eabi/lib/thumb/v7e-m+fp/hard\libc_nano.a(libc_a-nano-vfprintf.o)
                0x08009c7a                __sfputs_r
 *fill*         0x08009c9e        0x2 
 .text._vfprintf_r
                0x08009ca0      0x230 D:/KS/STM32Cubeide/STM32CubeIDE_1.18.0/STM32CubeIDE/plugins/com.st.stm32cube.ide.mcu.externaltools.gnu-tools-for-stm32.13.3.rel1.win32_1.0.0.202411081344/tools/bin/../lib/gcc/arm-none-eabi/13.3.1/../../../../arm-none-eabi/lib/thumb/v7e-m+fp/hard\libc_nano.a(libc_a-nano-vfprintf.o)
                0x08009ca0                _vfprintf_r
                0x08009ca0                _vfiprintf_r
 .text._printf_common
                0x08009ed0       0xda D:/KS/STM32Cubeide/STM32CubeIDE_1.18.0/STM32CubeIDE/plugins/com.st.stm32cube.ide.mcu.externaltools.gnu-tools-for-stm32.13.3.rel1.win32_1.0.0.202411081344/tools/bin/../lib/gcc/arm-none-eabi/13.3.1/../../../../arm-none-eabi/lib/thumb/v7e-m+fp/hard\libc_nano.a(libc_a-nano-vfprintf_i.o)
                0x08009ed0                _printf_common
 *fill*         0x08009faa        0x2 
 .text._printf_i
                0x08009fac      0x23c D:/KS/STM32Cubeide/STM32CubeIDE_1.18.0/STM32CubeIDE/plugins/com.st.stm32cube.ide.mcu.externaltools.gnu-tools-for-stm32.13.3.rel1.win32_1.0.0.202411081344/tools/bin/../lib/gcc/arm-none-eabi/13.3.1/../../../../arm-none-eabi/lib/thumb/v7e-m+fp/hard\libc_nano.a(libc_a-nano-vfprintf_i.o)
                0x08009fac                _printf_i
 .text.__sflush_r
                0x0800a1e8      0x108 D:/KS/STM32Cubeide/STM32CubeIDE_1.18.0/STM32CubeIDE/plugins/com.st.stm32cube.ide.mcu.externaltools.gnu-tools-for-stm32.13.3.rel1.win32_1.0.0.202411081344/tools/bin/../lib/gcc/arm-none-eabi/13.3.1/../../../../arm-none-eabi/lib/thumb/v7e-m+fp/hard\libc_nano.a(libc_a-fflush.o)
                0x0800a1e8                __sflush_r
 .text._fflush_r
                0x0800a2f0       0x50 D:/KS/STM32Cubeide/STM32CubeIDE_1.18.0/STM32CubeIDE/plugins/com.st.stm32cube.ide.mcu.externaltools.gnu-tools-for-stm32.13.3.rel1.win32_1.0.0.202411081344/tools/bin/../lib/gcc/arm-none-eabi/13.3.1/../../../../arm-none-eabi/lib/thumb/v7e-m+fp/hard\libc_nano.a(libc_a-fflush.o)
                0x0800a2f0                _fflush_r
 .text.std      0x0800a340       0x6c D:/KS/STM32Cubeide/STM32CubeIDE_1.18.0/STM32CubeIDE/plugins/com.st.stm32cube.ide.mcu.externaltools.gnu-tools-for-stm32.13.3.rel1.win32_1.0.0.202411081344/tools/bin/../lib/gcc/arm-none-eabi/13.3.1/../../../../arm-none-eabi/lib/thumb/v7e-m+fp/hard\libc_nano.a(libc_a-findfp.o)
 .text.stdio_exit_handler
                0x0800a3ac       0x18 D:/KS/STM32Cubeide/STM32CubeIDE_1.18.0/STM32CubeIDE/plugins/com.st.stm32cube.ide.mcu.externaltools.gnu-tools-for-stm32.13.3.rel1.win32_1.0.0.202411081344/tools/bin/../lib/gcc/arm-none-eabi/13.3.1/../../../../arm-none-eabi/lib/thumb/v7e-m+fp/hard\libc_nano.a(libc_a-findfp.o)
 .text.cleanup_stdio
                0x0800a3c4       0x40 D:/KS/STM32Cubeide/STM32CubeIDE_1.18.0/STM32CubeIDE/plugins/com.st.stm32cube.ide.mcu.externaltools.gnu-tools-for-stm32.13.3.rel1.win32_1.0.0.202411081344/tools/bin/../lib/gcc/arm-none-eabi/13.3.1/../../../../arm-none-eabi/lib/thumb/v7e-m+fp/hard\libc_nano.a(libc_a-findfp.o)
 .text.global_stdio_init.part.0
                0x0800a404       0x3c D:/KS/STM32Cubeide/STM32CubeIDE_1.18.0/STM32CubeIDE/plugins/com.st.stm32cube.ide.mcu.externaltools.gnu-tools-for-stm32.13.3.rel1.win32_1.0.0.202411081344/tools/bin/../lib/gcc/arm-none-eabi/13.3.1/../../../../arm-none-eabi/lib/thumb/v7e-m+fp/hard\libc_nano.a(libc_a-findfp.o)
 .text.__sfp_lock_acquire
                0x0800a440        0xc D:/KS/STM32Cubeide/STM32CubeIDE_1.18.0/STM32CubeIDE/plugins/com.st.stm32cube.ide.mcu.externaltools.gnu-tools-for-stm32.13.3.rel1.win32_1.0.0.202411081344/tools/bin/../lib/gcc/arm-none-eabi/13.3.1/../../../../arm-none-eabi/lib/thumb/v7e-m+fp/hard\libc_nano.a(libc_a-findfp.o)
                0x0800a440                __sfp_lock_acquire
 .text.__sfp_lock_release
                0x0800a44c        0xc D:/KS/STM32Cubeide/STM32CubeIDE_1.18.0/STM32CubeIDE/plugins/com.st.stm32cube.ide.mcu.externaltools.gnu-tools-for-stm32.13.3.rel1.win32_1.0.0.202411081344/tools/bin/../lib/gcc/arm-none-eabi/13.3.1/../../../../arm-none-eabi/lib/thumb/v7e-m+fp/hard\libc_nano.a(libc_a-findfp.o)
                0x0800a44c                __sfp_lock_release
 .text.__sinit  0x0800a458       0x30 D:/KS/STM32Cubeide/STM32CubeIDE_1.18.0/STM32CubeIDE/plugins/com.st.stm32cube.ide.mcu.externaltools.gnu-tools-for-stm32.13.3.rel1.win32_1.0.0.202411081344/tools/bin/../lib/gcc/arm-none-eabi/13.3.1/../../../../arm-none-eabi/lib/thumb/v7e-m+fp/hard\libc_nano.a(libc_a-findfp.o)
                0x0800a458                __sinit
 .text.fprintf  0x0800a488       0x24 D:/KS/STM32Cubeide/STM32CubeIDE_1.18.0/STM32CubeIDE/plugins/com.st.stm32cube.ide.mcu.externaltools.gnu-tools-for-stm32.13.3.rel1.win32_1.0.0.202411081344/tools/bin/../lib/gcc/arm-none-eabi/13.3.1/../../../../arm-none-eabi/lib/thumb/v7e-m+fp/hard\libc_nano.a(libc_a-fprintf.o)
                0x0800a488                fiprintf
                0x0800a488                fprintf
 .text._fwalk_sglue
                0x0800a4ac       0x3c D:/KS/STM32Cubeide/STM32CubeIDE_1.18.0/STM32CubeIDE/plugins/com.st.stm32cube.ide.mcu.externaltools.gnu-tools-for-stm32.13.3.rel1.win32_1.0.0.202411081344/tools/bin/../lib/gcc/arm-none-eabi/13.3.1/../../../../arm-none-eabi/lib/thumb/v7e-m+fp/hard\libc_nano.a(libc_a-fwalk.o)
                0x0800a4ac                _fwalk_sglue
 .text.printf   0x0800a4e8       0x24 D:/KS/STM32Cubeide/STM32CubeIDE_1.18.0/STM32CubeIDE/plugins/com.st.stm32cube.ide.mcu.externaltools.gnu-tools-for-stm32.13.3.rel1.win32_1.0.0.202411081344/tools/bin/../lib/gcc/arm-none-eabi/13.3.1/../../../../arm-none-eabi/lib/thumb/v7e-m+fp/hard\libc_nano.a(libc_a-printf.o)
                0x0800a4e8                iprintf
                0x0800a4e8                printf
 .text._puts_r  0x0800a50c       0xaa D:/KS/STM32Cubeide/STM32CubeIDE_1.18.0/STM32CubeIDE/plugins/com.st.stm32cube.ide.mcu.externaltools.gnu-tools-for-stm32.13.3.rel1.win32_1.0.0.202411081344/tools/bin/../lib/gcc/arm-none-eabi/13.3.1/../../../../arm-none-eabi/lib/thumb/v7e-m+fp/hard\libc_nano.a(libc_a-puts.o)
                0x0800a50c                _puts_r
 *fill*         0x0800a5b6        0x2 
 .text.puts     0x0800a5b8       0x10 D:/KS/STM32Cubeide/STM32CubeIDE_1.18.0/STM32CubeIDE/plugins/com.st.stm32cube.ide.mcu.externaltools.gnu-tools-for-stm32.13.3.rel1.win32_1.0.0.202411081344/tools/bin/../lib/gcc/arm-none-eabi/13.3.1/../../../../arm-none-eabi/lib/thumb/v7e-m+fp/hard\libc_nano.a(libc_a-puts.o)
                0x0800a5b8                puts
 .text.snprintf
                0x0800a5c8       0x6c D:/KS/STM32Cubeide/STM32CubeIDE_1.18.0/STM32CubeIDE/plugins/com.st.stm32cube.ide.mcu.externaltools.gnu-tools-for-stm32.13.3.rel1.win32_1.0.0.202411081344/tools/bin/../lib/gcc/arm-none-eabi/13.3.1/../../../../arm-none-eabi/lib/thumb/v7e-m+fp/hard\libc_nano.a(libc_a-snprintf.o)
                0x0800a5c8                sniprintf
                0x0800a5c8                snprintf
 .text.sprintf  0x0800a634       0x44 D:/KS/STM32Cubeide/STM32CubeIDE_1.18.0/STM32CubeIDE/plugins/com.st.stm32cube.ide.mcu.externaltools.gnu-tools-for-stm32.13.3.rel1.win32_1.0.0.202411081344/tools/bin/../lib/gcc/arm-none-eabi/13.3.1/../../../../arm-none-eabi/lib/thumb/v7e-m+fp/hard\libc_nano.a(libc_a-sprintf.o)
                0x0800a634                siprintf
                0x0800a634                sprintf
 .text.sscanf   0x0800a678       0x58 D:/KS/STM32Cubeide/STM32CubeIDE_1.18.0/STM32CubeIDE/plugins/com.st.stm32cube.ide.mcu.externaltools.gnu-tools-for-stm32.13.3.rel1.win32_1.0.0.202411081344/tools/bin/../lib/gcc/arm-none-eabi/13.3.1/../../../../arm-none-eabi/lib/thumb/v7e-m+fp/hard\libc_nano.a(libc_a-sscanf.o)
                0x0800a678                siscanf
                0x0800a678                sscanf
 .text.__sread  0x0800a6d0       0x22 D:/KS/STM32Cubeide/STM32CubeIDE_1.18.0/STM32CubeIDE/plugins/com.st.stm32cube.ide.mcu.externaltools.gnu-tools-for-stm32.13.3.rel1.win32_1.0.0.202411081344/tools/bin/../lib/gcc/arm-none-eabi/13.3.1/../../../../arm-none-eabi/lib/thumb/v7e-m+fp/hard\libc_nano.a(libc_a-stdio.o)
                0x0800a6d0                __sread
 .text.__seofread
                0x0800a6f2        0x4 D:/KS/STM32Cubeide/STM32CubeIDE_1.18.0/STM32CubeIDE/plugins/com.st.stm32cube.ide.mcu.externaltools.gnu-tools-for-stm32.13.3.rel1.win32_1.0.0.202411081344/tools/bin/../lib/gcc/arm-none-eabi/13.3.1/../../../../arm-none-eabi/lib/thumb/v7e-m+fp/hard\libc_nano.a(libc_a-stdio.o)
                0x0800a6f2                __seofread
 .text.__swrite
                0x0800a6f6       0x38 D:/KS/STM32Cubeide/STM32CubeIDE_1.18.0/STM32CubeIDE/plugins/com.st.stm32cube.ide.mcu.externaltools.gnu-tools-for-stm32.13.3.rel1.win32_1.0.0.202411081344/tools/bin/../lib/gcc/arm-none-eabi/13.3.1/../../../../arm-none-eabi/lib/thumb/v7e-m+fp/hard\libc_nano.a(libc_a-stdio.o)
                0x0800a6f6                __swrite
 .text.__sseek  0x0800a72e       0x24 D:/KS/STM32Cubeide/STM32CubeIDE_1.18.0/STM32CubeIDE/plugins/com.st.stm32cube.ide.mcu.externaltools.gnu-tools-for-stm32.13.3.rel1.win32_1.0.0.202411081344/tools/bin/../lib/gcc/arm-none-eabi/13.3.1/../../../../arm-none-eabi/lib/thumb/v7e-m+fp/hard\libc_nano.a(libc_a-stdio.o)
                0x0800a72e                __sseek
 .text.__sclose
                0x0800a752        0x8 D:/KS/STM32Cubeide/STM32CubeIDE_1.18.0/STM32CubeIDE/plugins/com.st.stm32cube.ide.mcu.externaltools.gnu-tools-for-stm32.13.3.rel1.win32_1.0.0.202411081344/tools/bin/../lib/gcc/arm-none-eabi/13.3.1/../../../../arm-none-eabi/lib/thumb/v7e-m+fp/hard\libc_nano.a(libc_a-stdio.o)
                0x0800a752                __sclose
 .text.__swbuf_r
                0x0800a75a       0x7c D:/KS/STM32Cubeide/STM32CubeIDE_1.18.0/STM32CubeIDE/plugins/com.st.stm32cube.ide.mcu.externaltools.gnu-tools-for-stm32.13.3.rel1.win32_1.0.0.202411081344/tools/bin/../lib/gcc/arm-none-eabi/13.3.1/../../../../arm-none-eabi/lib/thumb/v7e-m+fp/hard\libc_nano.a(libc_a-wbuf.o)
                0x0800a75a                __swbuf_r
 *fill*         0x0800a7d6        0x2 
 .text.__swsetup_r
                0x0800a7d8       0xac D:/KS/STM32Cubeide/STM32CubeIDE_1.18.0/STM32CubeIDE/plugins/com.st.stm32cube.ide.mcu.externaltools.gnu-tools-for-stm32.13.3.rel1.win32_1.0.0.202411081344/tools/bin/../lib/gcc/arm-none-eabi/13.3.1/../../../../arm-none-eabi/lib/thumb/v7e-m+fp/hard\libc_nano.a(libc_a-wsetup.o)
                0x0800a7d8                __swsetup_r
 .text.memmove  0x0800a884       0x34 D:/KS/STM32Cubeide/STM32CubeIDE_1.18.0/STM32CubeIDE/plugins/com.st.stm32cube.ide.mcu.externaltools.gnu-tools-for-stm32.13.3.rel1.win32_1.0.0.202411081344/tools/bin/../lib/gcc/arm-none-eabi/13.3.1/../../../../arm-none-eabi/lib/thumb/v7e-m+fp/hard\libc_nano.a(libc_a-memmove.o)
                0x0800a884                memmove
 .text.memset   0x0800a8b8       0x10 D:/KS/STM32Cubeide/STM32CubeIDE_1.18.0/STM32CubeIDE/plugins/com.st.stm32cube.ide.mcu.externaltools.gnu-tools-for-stm32.13.3.rel1.win32_1.0.0.202411081344/tools/bin/../lib/gcc/arm-none-eabi/13.3.1/../../../../arm-none-eabi/lib/thumb/v7e-m+fp/hard\libc_nano.a(libc_a-memset.o)
                0x0800a8b8                memset
 .text.strstr   0x0800a8c8       0x2c D:/KS/STM32Cubeide/STM32CubeIDE_1.18.0/STM32CubeIDE/plugins/com.st.stm32cube.ide.mcu.externaltools.gnu-tools-for-stm32.13.3.rel1.win32_1.0.0.202411081344/tools/bin/../lib/gcc/arm-none-eabi/13.3.1/../../../../arm-none-eabi/lib/thumb/v7e-m+fp/hard\libc_nano.a(libc_a-strstr.o)
                0x0800a8c8                strstr
 .text._localeconv_r
                0x0800a8f4        0x8 D:/KS/STM32Cubeide/STM32CubeIDE_1.18.0/STM32CubeIDE/plugins/com.st.stm32cube.ide.mcu.externaltools.gnu-tools-for-stm32.13.3.rel1.win32_1.0.0.202411081344/tools/bin/../lib/gcc/arm-none-eabi/13.3.1/../../../../arm-none-eabi/lib/thumb/v7e-m+fp/hard\libc_nano.a(libc_a-localeconv.o)
                0x0800a8f4                _localeconv_r
 .text._close_r
                0x0800a8fc       0x20 D:/KS/STM32Cubeide/STM32CubeIDE_1.18.0/STM32CubeIDE/plugins/com.st.stm32cube.ide.mcu.externaltools.gnu-tools-for-stm32.13.3.rel1.win32_1.0.0.202411081344/tools/bin/../lib/gcc/arm-none-eabi/13.3.1/../../../../arm-none-eabi/lib/thumb/v7e-m+fp/hard\libc_nano.a(libc_a-closer.o)
                0x0800a8fc                _close_r
 .text._lseek_r
                0x0800a91c       0x24 D:/KS/STM32Cubeide/STM32CubeIDE_1.18.0/STM32CubeIDE/plugins/com.st.stm32cube.ide.mcu.externaltools.gnu-tools-for-stm32.13.3.rel1.win32_1.0.0.202411081344/tools/bin/../lib/gcc/arm-none-eabi/13.3.1/../../../../arm-none-eabi/lib/thumb/v7e-m+fp/hard\libc_nano.a(libc_a-lseekr.o)
                0x0800a91c                _lseek_r
 .text._read_r  0x0800a940       0x24 D:/KS/STM32Cubeide/STM32CubeIDE_1.18.0/STM32CubeIDE/plugins/com.st.stm32cube.ide.mcu.externaltools.gnu-tools-for-stm32.13.3.rel1.win32_1.0.0.202411081344/tools/bin/../lib/gcc/arm-none-eabi/13.3.1/../../../../arm-none-eabi/lib/thumb/v7e-m+fp/hard\libc_nano.a(libc_a-readr.o)
                0x0800a940                _read_r
 .text._sbrk_r  0x0800a964       0x20 D:/KS/STM32Cubeide/STM32CubeIDE_1.18.0/STM32CubeIDE/plugins/com.st.stm32cube.ide.mcu.externaltools.gnu-tools-for-stm32.13.3.rel1.win32_1.0.0.202411081344/tools/bin/../lib/gcc/arm-none-eabi/13.3.1/../../../../arm-none-eabi/lib/thumb/v7e-m+fp/hard\libc_nano.a(libc_a-sbrkr.o)
                0x0800a964                _sbrk_r
 .text._write_r
                0x0800a984       0x24 D:/KS/STM32Cubeide/STM32CubeIDE_1.18.0/STM32CubeIDE/plugins/com.st.stm32cube.ide.mcu.externaltools.gnu-tools-for-stm32.13.3.rel1.win32_1.0.0.202411081344/tools/bin/../lib/gcc/arm-none-eabi/13.3.1/../../../../arm-none-eabi/lib/thumb/v7e-m+fp/hard\libc_nano.a(libc_a-writer.o)
                0x0800a984                _write_r
 .text.__errno  0x0800a9a8        0xc D:/KS/STM32Cubeide/STM32CubeIDE_1.18.0/STM32CubeIDE/plugins/com.st.stm32cube.ide.mcu.externaltools.gnu-tools-for-stm32.13.3.rel1.win32_1.0.0.202411081344/tools/bin/../lib/gcc/arm-none-eabi/13.3.1/../../../../arm-none-eabi/lib/thumb/v7e-m+fp/hard\libc_nano.a(libc_a-errno.o)
                0x0800a9a8                __errno
 .text.__libc_init_array
                0x0800a9b4       0x48 D:/KS/STM32Cubeide/STM32CubeIDE_1.18.0/STM32CubeIDE/plugins/com.st.stm32cube.ide.mcu.externaltools.gnu-tools-for-stm32.13.3.rel1.win32_1.0.0.202411081344/tools/bin/../lib/gcc/arm-none-eabi/13.3.1/../../../../arm-none-eabi/lib/thumb/v7e-m+fp/hard\libc_nano.a(libc_a-init.o)
                0x0800a9b4                __libc_init_array
 .text.__retarget_lock_init_recursive
                0x0800a9fc        0x2 D:/KS/STM32Cubeide/STM32CubeIDE_1.18.0/STM32CubeIDE/plugins/com.st.stm32cube.ide.mcu.externaltools.gnu-tools-for-stm32.13.3.rel1.win32_1.0.0.202411081344/tools/bin/../lib/gcc/arm-none-eabi/13.3.1/../../../../arm-none-eabi/lib/thumb/v7e-m+fp/hard\libc_nano.a(libc_a-lock.o)
                0x0800a9fc                __retarget_lock_init_recursive
 .text.__retarget_lock_acquire_recursive
                0x0800a9fe        0x2 D:/KS/STM32Cubeide/STM32CubeIDE_1.18.0/STM32CubeIDE/plugins/com.st.stm32cube.ide.mcu.externaltools.gnu-tools-for-stm32.13.3.rel1.win32_1.0.0.202411081344/tools/bin/../lib/gcc/arm-none-eabi/13.3.1/../../../../arm-none-eabi/lib/thumb/v7e-m+fp/hard\libc_nano.a(libc_a-lock.o)
                0x0800a9fe                __retarget_lock_acquire_recursive
 .text.__retarget_lock_release_recursive
                0x0800aa00        0x2 D:/KS/STM32Cubeide/STM32CubeIDE_1.18.0/STM32CubeIDE/plugins/com.st.stm32cube.ide.mcu.externaltools.gnu-tools-for-stm32.13.3.rel1.win32_1.0.0.202411081344/tools/bin/../lib/gcc/arm-none-eabi/13.3.1/../../../../arm-none-eabi/lib/thumb/v7e-m+fp/hard\libc_nano.a(libc_a-lock.o)
                0x0800aa00                __retarget_lock_release_recursive
 .text.memcpy   0x0800aa02       0x1c D:/KS/STM32Cubeide/STM32CubeIDE_1.18.0/STM32CubeIDE/plugins/com.st.stm32cube.ide.mcu.externaltools.gnu-tools-for-stm32.13.3.rel1.win32_1.0.0.202411081344/tools/bin/../lib/gcc/arm-none-eabi/13.3.1/../../../../arm-none-eabi/lib/thumb/v7e-m+fp/hard\libc_nano.a(libc_a-memcpy-stub.o)
                0x0800aa02                memcpy
 .text.abort    0x0800aa1e        0xe D:/KS/STM32Cubeide/STM32CubeIDE_1.18.0/STM32CubeIDE/plugins/com.st.stm32cube.ide.mcu.externaltools.gnu-tools-for-stm32.13.3.rel1.win32_1.0.0.202411081344/tools/bin/../lib/gcc/arm-none-eabi/13.3.1/../../../../arm-none-eabi/lib/thumb/v7e-m+fp/hard\libc_nano.a(libc_a-abort.o)
                0x0800aa1e                abort
 .text.quorem   0x0800aa2c      0x110 D:/KS/STM32Cubeide/STM32CubeIDE_1.18.0/STM32CubeIDE/plugins/com.st.stm32cube.ide.mcu.externaltools.gnu-tools-for-stm32.13.3.rel1.win32_1.0.0.202411081344/tools/bin/../lib/gcc/arm-none-eabi/13.3.1/../../../../arm-none-eabi/lib/thumb/v7e-m+fp/hard\libc_nano.a(libc_a-dtoa.o)
 *fill*         0x0800ab3c        0x4 
 .text._dtoa_r  0x0800ab40      0xba0 D:/KS/STM32Cubeide/STM32CubeIDE_1.18.0/STM32CubeIDE/plugins/com.st.stm32cube.ide.mcu.externaltools.gnu-tools-for-stm32.13.3.rel1.win32_1.0.0.202411081344/tools/bin/../lib/gcc/arm-none-eabi/13.3.1/../../../../arm-none-eabi/lib/thumb/v7e-m+fp/hard\libc_nano.a(libc_a-dtoa.o)
                0x0800ab40                _dtoa_r
 .text._free_r  0x0800b6e0       0x94 D:/KS/STM32Cubeide/STM32CubeIDE_1.18.0/STM32CubeIDE/plugins/com.st.stm32cube.ide.mcu.externaltools.gnu-tools-for-stm32.13.3.rel1.win32_1.0.0.202411081344/tools/bin/../lib/gcc/arm-none-eabi/13.3.1/../../../../arm-none-eabi/lib/thumb/v7e-m+fp/hard\libc_nano.a(libc_a-freer.o)
                0x0800b6e0                _free_r
 .text._Balloc  0x0800b774       0x80 D:/KS/STM32Cubeide/STM32CubeIDE_1.18.0/STM32CubeIDE/plugins/com.st.stm32cube.ide.mcu.externaltools.gnu-tools-for-stm32.13.3.rel1.win32_1.0.0.202411081344/tools/bin/../lib/gcc/arm-none-eabi/13.3.1/../../../../arm-none-eabi/lib/thumb/v7e-m+fp/hard\libc_nano.a(libc_a-mprec.o)
                0x0800b774                _Balloc
 .text._Bfree   0x0800b7f4       0x44 D:/KS/STM32Cubeide/STM32CubeIDE_1.18.0/STM32CubeIDE/plugins/com.st.stm32cube.ide.mcu.externaltools.gnu-tools-for-stm32.13.3.rel1.win32_1.0.0.202411081344/tools/bin/../lib/gcc/arm-none-eabi/13.3.1/../../../../arm-none-eabi/lib/thumb/v7e-m+fp/hard\libc_nano.a(libc_a-mprec.o)
                0x0800b7f4                _Bfree
 .text.__multadd
                0x0800b838       0x8c D:/KS/STM32Cubeide/STM32CubeIDE_1.18.0/STM32CubeIDE/plugins/com.st.stm32cube.ide.mcu.externaltools.gnu-tools-for-stm32.13.3.rel1.win32_1.0.0.202411081344/tools/bin/../lib/gcc/arm-none-eabi/13.3.1/../../../../arm-none-eabi/lib/thumb/v7e-m+fp/hard\libc_nano.a(libc_a-mprec.o)
                0x0800b838                __multadd
 .text.__hi0bits
                0x0800b8c4       0x3e D:/KS/STM32Cubeide/STM32CubeIDE_1.18.0/STM32CubeIDE/plugins/com.st.stm32cube.ide.mcu.externaltools.gnu-tools-for-stm32.13.3.rel1.win32_1.0.0.202411081344/tools/bin/../lib/gcc/arm-none-eabi/13.3.1/../../../../arm-none-eabi/lib/thumb/v7e-m+fp/hard\libc_nano.a(libc_a-mprec.o)
                0x0800b8c4                __hi0bits
 .text.__lo0bits
                0x0800b902       0x5a D:/KS/STM32Cubeide/STM32CubeIDE_1.18.0/STM32CubeIDE/plugins/com.st.stm32cube.ide.mcu.externaltools.gnu-tools-for-stm32.13.3.rel1.win32_1.0.0.202411081344/tools/bin/../lib/gcc/arm-none-eabi/13.3.1/../../../../arm-none-eabi/lib/thumb/v7e-m+fp/hard\libc_nano.a(libc_a-mprec.o)
                0x0800b902                __lo0bits
 .text.__i2b    0x0800b95c       0x2c D:/KS/STM32Cubeide/STM32CubeIDE_1.18.0/STM32CubeIDE/plugins/com.st.stm32cube.ide.mcu.externaltools.gnu-tools-for-stm32.13.3.rel1.win32_1.0.0.202411081344/tools/bin/../lib/gcc/arm-none-eabi/13.3.1/../../../../arm-none-eabi/lib/thumb/v7e-m+fp/hard\libc_nano.a(libc_a-mprec.o)
                0x0800b95c                __i2b
 .text.__multiply
                0x0800b988      0x144 D:/KS/STM32Cubeide/STM32CubeIDE_1.18.0/STM32CubeIDE/plugins/com.st.stm32cube.ide.mcu.externaltools.gnu-tools-for-stm32.13.3.rel1.win32_1.0.0.202411081344/tools/bin/../lib/gcc/arm-none-eabi/13.3.1/../../../../arm-none-eabi/lib/thumb/v7e-m+fp/hard\libc_nano.a(libc_a-mprec.o)
                0x0800b988                __multiply
 .text.__pow5mult
                0x0800bacc       0xb4 D:/KS/STM32Cubeide/STM32CubeIDE_1.18.0/STM32CubeIDE/plugins/com.st.stm32cube.ide.mcu.externaltools.gnu-tools-for-stm32.13.3.rel1.win32_1.0.0.202411081344/tools/bin/../lib/gcc/arm-none-eabi/13.3.1/../../../../arm-none-eabi/lib/thumb/v7e-m+fp/hard\libc_nano.a(libc_a-mprec.o)
                0x0800bacc                __pow5mult
 .text.__lshift
                0x0800bb80       0xd8 D:/KS/STM32Cubeide/STM32CubeIDE_1.18.0/STM32CubeIDE/plugins/com.st.stm32cube.ide.mcu.externaltools.gnu-tools-for-stm32.13.3.rel1.win32_1.0.0.202411081344/tools/bin/../lib/gcc/arm-none-eabi/13.3.1/../../../../arm-none-eabi/lib/thumb/v7e-m+fp/hard\libc_nano.a(libc_a-mprec.o)
                0x0800bb80                __lshift
 .text.__mcmp   0x0800bc58       0x36 D:/KS/STM32Cubeide/STM32CubeIDE_1.18.0/STM32CubeIDE/plugins/com.st.stm32cube.ide.mcu.externaltools.gnu-tools-for-stm32.13.3.rel1.win32_1.0.0.202411081344/tools/bin/../lib/gcc/arm-none-eabi/13.3.1/../../../../arm-none-eabi/lib/thumb/v7e-m+fp/hard\libc_nano.a(libc_a-mprec.o)
                0x0800bc58                __mcmp
 *fill*         0x0800bc8e        0x2 
 .text.__mdiff  0x0800bc90      0x128 D:/KS/STM32Cubeide/STM32CubeIDE_1.18.0/STM32CubeIDE/plugins/com.st.stm32cube.ide.mcu.externaltools.gnu-tools-for-stm32.13.3.rel1.win32_1.0.0.202411081344/tools/bin/../lib/gcc/arm-none-eabi/13.3.1/../../../../arm-none-eabi/lib/thumb/v7e-m+fp/hard\libc_nano.a(libc_a-mprec.o)
                0x0800bc90                __mdiff
 .text.__d2b    0x0800bdb8       0xb0 D:/KS/STM32Cubeide/STM32CubeIDE_1.18.0/STM32CubeIDE/plugins/com.st.stm32cube.ide.mcu.externaltools.gnu-tools-for-stm32.13.3.rel1.win32_1.0.0.202411081344/tools/bin/../lib/gcc/arm-none-eabi/13.3.1/../../../../arm-none-eabi/lib/thumb/v7e-m+fp/hard\libc_nano.a(libc_a-mprec.o)
                0x0800bdb8                __d2b
 .text._realloc_r
                0x0800be68       0x5c D:/KS/STM32Cubeide/STM32CubeIDE_1.18.0/STM32CubeIDE/plugins/com.st.stm32cube.ide.mcu.externaltools.gnu-tools-for-stm32.13.3.rel1.win32_1.0.0.202411081344/tools/bin/../lib/gcc/arm-none-eabi/13.3.1/../../../../arm-none-eabi/lib/thumb/v7e-m+fp/hard\libc_nano.a(libc_a-reallocr.o)
                0x0800be68                _realloc_r
 .text.__ssputs_r
                0x0800bec4       0xb6 D:/KS/STM32Cubeide/STM32CubeIDE_1.18.0/STM32CubeIDE/plugins/com.st.stm32cube.ide.mcu.externaltools.gnu-tools-for-stm32.13.3.rel1.win32_1.0.0.202411081344/tools/bin/../lib/gcc/arm-none-eabi/13.3.1/../../../../arm-none-eabi/lib/thumb/v7e-m+fp/hard\libc_nano.a(libc_a-nano-svfprintf.o)
                0x0800bec4                __ssputs_r
 *fill*         0x0800bf7a        0x2 
 .text._svfprintf_r
                0x0800bf7c      0x1f8 D:/KS/STM32Cubeide/STM32CubeIDE_1.18.0/STM32CubeIDE/plugins/com.st.stm32cube.ide.mcu.externaltools.gnu-tools-for-stm32.13.3.rel1.win32_1.0.0.202411081344/tools/bin/../lib/gcc/arm-none-eabi/13.3.1/../../../../arm-none-eabi/lib/thumb/v7e-m+fp/hard\libc_nano.a(libc_a-nano-svfprintf.o)
                0x0800bf7c                _svfiprintf_r
                0x0800bf7c                _svfprintf_r
 .text._sungetc_r
                0x0800c174       0x7a D:/KS/STM32Cubeide/STM32CubeIDE_1.18.0/STM32CubeIDE/plugins/com.st.stm32cube.ide.mcu.externaltools.gnu-tools-for-stm32.13.3.rel1.win32_1.0.0.202411081344/tools/bin/../lib/gcc/arm-none-eabi/13.3.1/../../../../arm-none-eabi/lib/thumb/v7e-m+fp/hard\libc_nano.a(libc_a-nano-svfscanf.o)
                0x0800c174                _sungetc_r
 .text.__ssrefill_r
                0x0800c1ee       0x3a D:/KS/STM32Cubeide/STM32CubeIDE_1.18.0/STM32CubeIDE/plugins/com.st.stm32cube.ide.mcu.externaltools.gnu-tools-for-stm32.13.3.rel1.win32_1.0.0.202411081344/tools/bin/../lib/gcc/arm-none-eabi/13.3.1/../../../../arm-none-eabi/lib/thumb/v7e-m+fp/hard\libc_nano.a(libc_a-nano-svfscanf.o)
                0x0800c1ee                __ssrefill_r
 .text.__ssvfscanf_r
                0x0800c228      0x2ec D:/KS/STM32Cubeide/STM32CubeIDE_1.18.0/STM32CubeIDE/plugins/com.st.stm32cube.ide.mcu.externaltools.gnu-tools-for-stm32.13.3.rel1.win32_1.0.0.202411081344/tools/bin/../lib/gcc/arm-none-eabi/13.3.1/../../../../arm-none-eabi/lib/thumb/v7e-m+fp/hard\libc_nano.a(libc_a-nano-svfscanf.o)
                0x0800c228                __ssvfiscanf_r
                0x0800c228                __ssvfscanf_r
 .text._scanf_chars
                0x0800c514       0xb4 D:/KS/STM32Cubeide/STM32CubeIDE_1.18.0/STM32CubeIDE/plugins/com.st.stm32cube.ide.mcu.externaltools.gnu-tools-for-stm32.13.3.rel1.win32_1.0.0.202411081344/tools/bin/../lib/gcc/arm-none-eabi/13.3.1/../../../../arm-none-eabi/lib/thumb/v7e-m+fp/hard\libc_nano.a(libc_a-nano-vfscanf_i.o)
                0x0800c514                _scanf_chars
 .text._scanf_i
                0x0800c5c8      0x1e8 D:/KS/STM32Cubeide/STM32CubeIDE_1.18.0/STM32CubeIDE/plugins/com.st.stm32cube.ide.mcu.externaltools.gnu-tools-for-stm32.13.3.rel1.win32_1.0.0.202411081344/tools/bin/../lib/gcc/arm-none-eabi/13.3.1/../../../../arm-none-eabi/lib/thumb/v7e-m+fp/hard\libc_nano.a(libc_a-nano-vfscanf_i.o)
                0x0800c5c8                _scanf_i
 .text.__swhatbuf_r
                0x0800c7b0       0x4c D:/KS/STM32Cubeide/STM32CubeIDE_1.18.0/STM32CubeIDE/plugins/com.st.stm32cube.ide.mcu.externaltools.gnu-tools-for-stm32.13.3.rel1.win32_1.0.0.202411081344/tools/bin/../lib/gcc/arm-none-eabi/13.3.1/../../../../arm-none-eabi/lib/thumb/v7e-m+fp/hard\libc_nano.a(libc_a-makebuf.o)
                0x0800c7b0                __swhatbuf_r
 .text.__smakebuf_r
                0x0800c7fc       0x78 D:/KS/STM32Cubeide/STM32CubeIDE_1.18.0/STM32CubeIDE/plugins/com.st.stm32cube.ide.mcu.externaltools.gnu-tools-for-stm32.13.3.rel1.win32_1.0.0.202411081344/tools/bin/../lib/gcc/arm-none-eabi/13.3.1/../../../../arm-none-eabi/lib/thumb/v7e-m+fp/hard\libc_nano.a(libc_a-makebuf.o)
                0x0800c7fc                __smakebuf_r
 .text.__sccl   0x0800c874       0x72 D:/KS/STM32Cubeide/STM32CubeIDE_1.18.0/STM32CubeIDE/plugins/com.st.stm32cube.ide.mcu.externaltools.gnu-tools-for-stm32.13.3.rel1.win32_1.0.0.202411081344/tools/bin/../lib/gcc/arm-none-eabi/13.3.1/../../../../arm-none-eabi/lib/thumb/v7e-m+fp/hard\libc_nano.a(libc_a-sccl.o)
                0x0800c874                __sccl
 .text.__submore
                0x0800c8e6       0x74 D:/KS/STM32Cubeide/STM32CubeIDE_1.18.0/STM32CubeIDE/plugins/com.st.stm32cube.ide.mcu.externaltools.gnu-tools-for-stm32.13.3.rel1.win32_1.0.0.202411081344/tools/bin/../lib/gcc/arm-none-eabi/13.3.1/../../../../arm-none-eabi/lib/thumb/v7e-m+fp/hard\libc_nano.a(libc_a-ungetc.o)
                0x0800c8e6                __submore
 .text._raise_r
                0x0800c95a       0x50 D:/KS/STM32Cubeide/STM32CubeIDE_1.18.0/STM32CubeIDE/plugins/com.st.stm32cube.ide.mcu.externaltools.gnu-tools-for-stm32.13.3.rel1.win32_1.0.0.202411081344/tools/bin/../lib/gcc/arm-none-eabi/13.3.1/../../../../arm-none-eabi/lib/thumb/v7e-m+fp/hard\libc_nano.a(libc_a-signal.o)
                0x0800c95a                _raise_r
 *fill*         0x0800c9aa        0x2 
 .text.raise    0x0800c9ac       0x10 D:/KS/STM32Cubeide/STM32CubeIDE_1.18.0/STM32CubeIDE/plugins/com.st.stm32cube.ide.mcu.externaltools.gnu-tools-for-stm32.13.3.rel1.win32_1.0.0.202411081344/tools/bin/../lib/gcc/arm-none-eabi/13.3.1/../../../../arm-none-eabi/lib/thumb/v7e-m+fp/hard\libc_nano.a(libc_a-signal.o)
                0x0800c9ac                raise
 .text._fstat_r
                0x0800c9bc       0x24 D:/KS/STM32Cubeide/STM32CubeIDE_1.18.0/STM32CubeIDE/plugins/com.st.stm32cube.ide.mcu.externaltools.gnu-tools-for-stm32.13.3.rel1.win32_1.0.0.202411081344/tools/bin/../lib/gcc/arm-none-eabi/13.3.1/../../../../arm-none-eabi/lib/thumb/v7e-m+fp/hard\libc_nano.a(libc_a-fstatr.o)
                0x0800c9bc                _fstat_r
 .text._isatty_r
                0x0800c9e0       0x20 D:/KS/STM32Cubeide/STM32CubeIDE_1.18.0/STM32CubeIDE/plugins/com.st.stm32cube.ide.mcu.externaltools.gnu-tools-for-stm32.13.3.rel1.win32_1.0.0.202411081344/tools/bin/../lib/gcc/arm-none-eabi/13.3.1/../../../../arm-none-eabi/lib/thumb/v7e-m+fp/hard\libc_nano.a(libc_a-isattyr.o)
                0x0800c9e0                _isatty_r
 .text._kill_r  0x0800ca00       0x24 D:/KS/STM32Cubeide/STM32CubeIDE_1.18.0/STM32CubeIDE/plugins/com.st.stm32cube.ide.mcu.externaltools.gnu-tools-for-stm32.13.3.rel1.win32_1.0.0.202411081344/tools/bin/../lib/gcc/arm-none-eabi/13.3.1/../../../../arm-none-eabi/lib/thumb/v7e-m+fp/hard\libc_nano.a(libc_a-signalr.o)
                0x0800ca00                _kill_r
 .text._getpid_r
                0x0800ca24        0x4 D:/KS/STM32Cubeide/STM32CubeIDE_1.18.0/STM32CubeIDE/plugins/com.st.stm32cube.ide.mcu.externaltools.gnu-tools-for-stm32.13.3.rel1.win32_1.0.0.202411081344/tools/bin/../lib/gcc/arm-none-eabi/13.3.1/../../../../arm-none-eabi/lib/thumb/v7e-m+fp/hard\libc_nano.a(libc_a-signalr.o)
                0x0800ca24                _getpid_r
 .text._calloc_r
                0x0800ca28       0x28 D:/KS/STM32Cubeide/STM32CubeIDE_1.18.0/STM32CubeIDE/plugins/com.st.stm32cube.ide.mcu.externaltools.gnu-tools-for-stm32.13.3.rel1.win32_1.0.0.202411081344/tools/bin/../lib/gcc/arm-none-eabi/13.3.1/../../../../arm-none-eabi/lib/thumb/v7e-m+fp/hard\libc_nano.a(libc_a-callocr.o)
                0x0800ca28                _calloc_r
 .text.__ascii_mbtowc
                0x0800ca50       0x24 D:/KS/STM32Cubeide/STM32CubeIDE_1.18.0/STM32CubeIDE/plugins/com.st.stm32cube.ide.mcu.externaltools.gnu-tools-for-stm32.13.3.rel1.win32_1.0.0.202411081344/tools/bin/../lib/gcc/arm-none-eabi/13.3.1/../../../../arm-none-eabi/lib/thumb/v7e-m+fp/hard\libc_nano.a(libc_a-mbtowc_r.o)
                0x0800ca50                __ascii_mbtowc
 .text._malloc_usable_size_r
                0x0800ca74       0x10 D:/KS/STM32Cubeide/STM32CubeIDE_1.18.0/STM32CubeIDE/plugins/com.st.stm32cube.ide.mcu.externaltools.gnu-tools-for-stm32.13.3.rel1.win32_1.0.0.202411081344/tools/bin/../lib/gcc/arm-none-eabi/13.3.1/../../../../arm-none-eabi/lib/thumb/v7e-m+fp/hard\libc_nano.a(libc_a-msizer.o)
                0x0800ca74                _malloc_usable_size_r
 .text._strtoul_l.isra.0
                0x0800ca84       0xdc D:/KS/STM32Cubeide/STM32CubeIDE_1.18.0/STM32CubeIDE/plugins/com.st.stm32cube.ide.mcu.externaltools.gnu-tools-for-stm32.13.3.rel1.win32_1.0.0.202411081344/tools/bin/../lib/gcc/arm-none-eabi/13.3.1/../../../../arm-none-eabi/lib/thumb/v7e-m+fp/hard\libc_nano.a(libc_a-strtoul.o)
 .text._strtoul_r
                0x0800cb60        0x4 D:/KS/STM32Cubeide/STM32CubeIDE_1.18.0/STM32CubeIDE/plugins/com.st.stm32cube.ide.mcu.externaltools.gnu-tools-for-stm32.13.3.rel1.win32_1.0.0.202411081344/tools/bin/../lib/gcc/arm-none-eabi/13.3.1/../../../../arm-none-eabi/lib/thumb/v7e-m+fp/hard\libc_nano.a(libc_a-strtoul.o)
                0x0800cb60                _strtoul_r
 .text.__ascii_wctomb
                0x0800cb64       0x1a D:/KS/STM32Cubeide/STM32CubeIDE_1.18.0/STM32CubeIDE/plugins/com.st.stm32cube.ide.mcu.externaltools.gnu-tools-for-stm32.13.3.rel1.win32_1.0.0.202411081344/tools/bin/../lib/gcc/arm-none-eabi/13.3.1/../../../../arm-none-eabi/lib/thumb/v7e-m+fp/hard\libc_nano.a(libc_a-wctomb_r.o)
                0x0800cb64                __ascii_wctomb
 *(.glue_7)
 .glue_7        0x0800cb7e        0x0 linker stubs
 *(.glue_7t)
 .glue_7t       0x0800cb7e        0x0 linker stubs
 *(.eh_frame)
 *fill*         0x0800cb7e        0x2 
 .eh_frame      0x0800cb80        0x0 D:/KS/STM32Cubeide/STM32CubeIDE_1.18.0/STM32CubeIDE/plugins/com.st.stm32cube.ide.mcu.externaltools.gnu-tools-for-stm32.13.3.rel1.win32_1.0.0.202411081344/tools/bin/../lib/gcc/arm-none-eabi/13.3.1/thumb/v7e-m+fp/hard/crtbegin.o
 *(.init)
 .init          0x0800cb80        0x4 D:/KS/STM32Cubeide/STM32CubeIDE_1.18.0/STM32CubeIDE/plugins/com.st.stm32cube.ide.mcu.externaltools.gnu-tools-for-stm32.13.3.rel1.win32_1.0.0.202411081344/tools/bin/../lib/gcc/arm-none-eabi/13.3.1/thumb/v7e-m+fp/hard/crti.o
                0x0800cb80                _init
 .init          0x0800cb84        0x8 D:/KS/STM32Cubeide/STM32CubeIDE_1.18.0/STM32CubeIDE/plugins/com.st.stm32cube.ide.mcu.externaltools.gnu-tools-for-stm32.13.3.rel1.win32_1.0.0.202411081344/tools/bin/../lib/gcc/arm-none-eabi/13.3.1/thumb/v7e-m+fp/hard/crtn.o
 *(.fini)
 .fini          0x0800cb8c        0x4 D:/KS/STM32Cubeide/STM32CubeIDE_1.18.0/STM32CubeIDE/plugins/com.st.stm32cube.ide.mcu.externaltools.gnu-tools-for-stm32.13.3.rel1.win32_1.0.0.202411081344/tools/bin/../lib/gcc/arm-none-eabi/13.3.1/thumb/v7e-m+fp/hard/crti.o
                0x0800cb8c                _fini
 .fini          0x0800cb90        0x8 D:/KS/STM32Cubeide/STM32CubeIDE_1.18.0/STM32CubeIDE/plugins/com.st.stm32cube.ide.mcu.externaltools.gnu-tools-for-stm32.13.3.rel1.win32_1.0.0.202411081344/tools/bin/../lib/gcc/arm-none-eabi/13.3.1/thumb/v7e-m+fp/hard/crtn.o
                0x0800cb98                        . = ALIGN (0x4)
                0x0800cb98                        _etext = .

.vfp11_veneer   0x0800cb98        0x0
 .vfp11_veneer  0x0800cb98        0x0 linker stubs

.v4_bx          0x0800cb98        0x0
 .v4_bx         0x0800cb98        0x0 linker stubs

.iplt           0x0800cb98        0x0
 .iplt          0x0800cb98        0x0 D:/KS/STM32Cubeide/STM32CubeIDE_1.18.0/STM32CubeIDE/plugins/com.st.stm32cube.ide.mcu.externaltools.gnu-tools-for-stm32.13.3.rel1.win32_1.0.0.202411081344/tools/bin/../lib/gcc/arm-none-eabi/13.3.1/thumb/v7e-m+fp/hard/crtbegin.o

.rodata         0x0800cb98      0xd38
                0x0800cb98                        . = ALIGN (0x4)
 *(.rodata)
 .rodata        0x0800cb98      0x57e ./Core/Src/main.o
 *fill*         0x0800d116        0x2 
 .rodata        0x0800d118       0x94 ./Core/Src/sensor_util.o
 .rodata        0x0800d1ac      0x307 ./IOT_SDK/BSP/esp32_at.o
 *fill*         0x0800d4b3        0x1 
 .rodata        0x0800d4b4        0x5 ./IOT_SDK/Thirdparty/FreeRTOS-Kernel/tasks.o
 *fill*         0x0800d4b9        0x3 
 .rodata        0x0800d4bc        0x8 ./IOT_SDK/Thirdparty/FreeRTOS-Kernel/timers.o
 .rodata        0x0800d4c4       0x16 ./IOT_SDK/mqtt_helper/mqtt_helper.o
 *fill*         0x0800d4da        0x2 
 .rodata        0x0800d4dc        0xc D:/KS/STM32Cubeide/STM32CubeIDE_1.18.0/STM32CubeIDE/plugins/com.st.stm32cube.ide.mcu.externaltools.gnu-tools-for-stm32.13.3.rel1.win32_1.0.0.202411081344/tools/bin/../lib/gcc/arm-none-eabi/13.3.1/../../../../arm-none-eabi/lib/thumb/v7e-m+fp/hard\libc_nano.a(libc_a-nano-vfscanf_i.o)
 *(.rodata*)
 .rodata.AHBPrescTable
                0x0800d4e8       0x10 ./Core/Src/system_stm32f4xx.o
                0x0800d4e8                AHBPrescTable
 .rodata.APBPrescTable
                0x0800d4f8        0x8 ./Core/Src/system_stm32f4xx.o
                0x0800d4f8                APBPrescTable
 .rodata.flagBitshiftOffset.0
                0x0800d500        0x8 ./Drivers/STM32F4xx_HAL_Driver/Src/stm32f4xx_hal_dma.o
 .rodata.__func__.2
                0x0800d508       0x13 ./IOT_SDK/BSP/esp32_at.o
 *fill*         0x0800d51b        0x1 
 .rodata.__func__.1
                0x0800d51c       0x15 ./IOT_SDK/BSP/esp32_at.o
 *fill*         0x0800d531        0x3 
 .rodata.__func__.0
                0x0800d534        0xf ./IOT_SDK/BSP/esp32_at.o
 *fill*         0x0800d543        0x1 
 .rodata.uxTopUsedPriority
                0x0800d544        0x4 ./IOT_SDK/Thirdparty/FreeRTOS-Kernel/tasks.o
 .rodata.__assert_func.str1.1
                0x0800d548      0x18a D:/KS/STM32Cubeide/STM32CubeIDE_1.18.0/STM32CubeIDE/plugins/com.st.stm32cube.ide.mcu.externaltools.gnu-tools-for-stm32.13.3.rel1.win32_1.0.0.202411081344/tools/bin/../lib/gcc/arm-none-eabi/13.3.1/../../../../arm-none-eabi/lib/thumb/v7e-m+fp/hard\libc_nano.a(libc_a-assert.o)
                                 0x3d (size before relaxing)
 .rodata._ctype_
                0x0800d6d2      0x101 D:/KS/STM32Cubeide/STM32CubeIDE_1.18.0/STM32CubeIDE/plugins/com.st.stm32cube.ide.mcu.externaltools.gnu-tools-for-stm32.13.3.rel1.win32_1.0.0.202411081344/tools/bin/../lib/gcc/arm-none-eabi/13.3.1/../../../../arm-none-eabi/lib/thumb/v7e-m+fp/hard\libc_nano.a(libc_a-ctype_.o)
                0x0800d6d2                _ctype_
 .rodata._printf_float.str1.1
                0x0800d7d3       0x12 D:/KS/STM32Cubeide/STM32CubeIDE_1.18.0/STM32CubeIDE/plugins/com.st.stm32cube.ide.mcu.externaltools.gnu-tools-for-stm32.13.3.rel1.win32_1.0.0.202411081344/tools/bin/../lib/gcc/arm-none-eabi/13.3.1/../../../../arm-none-eabi/lib/thumb/v7e-m+fp/hard\libc_nano.a(libc_a-nano-vfprintf_float.o)
 .rodata._vfprintf_r.str1.1
                0x0800d7d3       0x11 D:/KS/STM32Cubeide/STM32CubeIDE_1.18.0/STM32CubeIDE/plugins/com.st.stm32cube.ide.mcu.externaltools.gnu-tools-for-stm32.13.3.rel1.win32_1.0.0.202411081344/tools/bin/../lib/gcc/arm-none-eabi/13.3.1/../../../../arm-none-eabi/lib/thumb/v7e-m+fp/hard\libc_nano.a(libc_a-nano-vfprintf.o)
 .rodata._printf_i.str1.1
                0x0800d7d3       0x22 D:/KS/STM32Cubeide/STM32CubeIDE_1.18.0/STM32CubeIDE/plugins/com.st.stm32cube.ide.mcu.externaltools.gnu-tools-for-stm32.13.3.rel1.win32_1.0.0.202411081344/tools/bin/../lib/gcc/arm-none-eabi/13.3.1/../../../../arm-none-eabi/lib/thumb/v7e-m+fp/hard\libc_nano.a(libc_a-nano-vfprintf_i.o)
 .rodata._dtoa_r.str1.1
                0x0800d7d3       0x8f D:/KS/STM32Cubeide/STM32CubeIDE_1.18.0/STM32CubeIDE/plugins/com.st.stm32cube.ide.mcu.externaltools.gnu-tools-for-stm32.13.3.rel1.win32_1.0.0.202411081344/tools/bin/../lib/gcc/arm-none-eabi/13.3.1/../../../../arm-none-eabi/lib/thumb/v7e-m+fp/hard\libc_nano.a(libc_a-dtoa.o)
 .rodata._Balloc.str1.1
                0x0800d7d3       0x70 D:/KS/STM32Cubeide/STM32CubeIDE_1.18.0/STM32CubeIDE/plugins/com.st.stm32cube.ide.mcu.externaltools.gnu-tools-for-stm32.13.3.rel1.win32_1.0.0.202411081344/tools/bin/../lib/gcc/arm-none-eabi/13.3.1/../../../../arm-none-eabi/lib/thumb/v7e-m+fp/hard\libc_nano.a(libc_a-mprec.o)
 .rodata.__multadd.str1.1
                0x0800d7d3       0x11 D:/KS/STM32Cubeide/STM32CubeIDE_1.18.0/STM32CubeIDE/plugins/com.st.stm32cube.ide.mcu.externaltools.gnu-tools-for-stm32.13.3.rel1.win32_1.0.0.202411081344/tools/bin/../lib/gcc/arm-none-eabi/13.3.1/../../../../arm-none-eabi/lib/thumb/v7e-m+fp/hard\libc_nano.a(libc_a-mprec.o)
 *fill*         0x0800d7d3        0x1 
 .rodata.p05.0  0x0800d7d4        0xc D:/KS/STM32Cubeide/STM32CubeIDE_1.18.0/STM32CubeIDE/plugins/com.st.stm32cube.ide.mcu.externaltools.gnu-tools-for-stm32.13.3.rel1.win32_1.0.0.202411081344/tools/bin/../lib/gcc/arm-none-eabi/13.3.1/../../../../arm-none-eabi/lib/thumb/v7e-m+fp/hard\libc_nano.a(libc_a-mprec.o)
 .rodata.__mprec_bigtens
                0x0800d7e0       0x28 D:/KS/STM32Cubeide/STM32CubeIDE_1.18.0/STM32CubeIDE/plugins/com.st.stm32cube.ide.mcu.externaltools.gnu-tools-for-stm32.13.3.rel1.win32_1.0.0.202411081344/tools/bin/../lib/gcc/arm-none-eabi/13.3.1/../../../../arm-none-eabi/lib/thumb/v7e-m+fp/hard\libc_nano.a(libc_a-mprec.o)
                0x0800d7e0                __mprec_bigtens
 .rodata.__mprec_tens