../Core/Src/main.c:59:6:mqtt_publish_task	664	static
../Core/Src/main.c:94:6:mqtt_receive_task	632	static,ignoring_inline_asm
../Core/Src/main.c:119:6:at_cmd_handle_task	48	static
../Core/Src/main.c:218:5:main	88	static,ignoring_inline_asm
../Core/Src/main.c:353:6:SystemClock_Config	88	static
../Core/Src/main.c:400:13:MX_UART4_Init	8	static
../Core/Src/main.c:433:13:MX_UART5_Init	8	static
../Core/Src/main.c:464:13:MX_DMA_Init	16	static
../Core/Src/main.c:482:13:MX_GPIO_Init	48	static
../Core/Src/main.c:522:6:HAL_TIM_PeriodElapsedCallback	16	static
../Core/Src/main.c:540:6:Error_Handler	4	static,ignoring_inline_asm
